Component: Arm Compiler for Embedded 6.19 Tool: armlink [5e73cb00]

==============================================================================

Section Cross References

    startup_stm32f103xb.o(STACK) refers (Special) to heapauxi.o(.text) for __use_two_region_memory
    startup_stm32f103xb.o(HEAP) refers (Special) to heapauxi.o(.text) for __use_two_region_memory
    startup_stm32f103xb.o(RESET) refers (Special) to heapauxi.o(.text) for __use_two_region_memory
    startup_stm32f103xb.o(RESET) refers to startup_stm32f103xb.o(STACK) for __initial_sp
    startup_stm32f103xb.o(RESET) refers to startup_stm32f103xb.o(.text) for Reset_Handler
    startup_stm32f103xb.o(RESET) refers to stm32f1xx_it.o(.text.NMI_Handler) for NMI_Handler
    startup_stm32f103xb.o(RESET) refers to stm32f1xx_it.o(.text.HardFault_Handler) for HardFault_Handler
    startup_stm32f103xb.o(RESET) refers to stm32f1xx_it.o(.text.MemManage_Handler) for MemManage_Handler
    startup_stm32f103xb.o(RESET) refers to stm32f1xx_it.o(.text.BusFault_Handler) for BusFault_Handler
    startup_stm32f103xb.o(RESET) refers to stm32f1xx_it.o(.text.UsageFault_Handler) for UsageFault_Handler
    startup_stm32f103xb.o(RESET) refers to stm32f1xx_it.o(.text.SVC_Handler) for SVC_Handler
    startup_stm32f103xb.o(RESET) refers to stm32f1xx_it.o(.text.DebugMon_Handler) for DebugMon_Handler
    startup_stm32f103xb.o(RESET) refers to os_cpu_a.o(.text) for PendSV_Handler
    startup_stm32f103xb.o(RESET) refers to stm32f1xx_it.o(.text.SysTick_Handler) for SysTick_Handler
    startup_stm32f103xb.o(.text) refers (Special) to heapauxi.o(.text) for __use_two_region_memory
    startup_stm32f103xb.o(.text) refers to system_stm32f1xx.o(.text.SystemInit) for SystemInit
    startup_stm32f103xb.o(.text) refers to __main.o(!!!main) for __main
    startup_stm32f103xb.o(.text) refers to startup_stm32f103xb.o(HEAP) for Heap_Mem
    startup_stm32f103xb.o(.text) refers to startup_stm32f103xb.o(STACK) for Stack_Mem
    main.o(.text.main) refers to stm32f1xx_hal.o(.text.HAL_Init) for HAL_Init
    main.o(.text.main) refers to stm32f1xx_hal_rcc.o(.text.HAL_RCC_OscConfig) for HAL_RCC_OscConfig
    main.o(.text.main) refers to stm32f1xx_hal_rcc.o(.text.HAL_RCC_ClockConfig) for HAL_RCC_ClockConfig
    main.o(.text.main) refers to gpio.o(.text.MX_GPIO_Init) for MX_GPIO_Init
    main.o(.text.main) refers to app.o(.text.app_main) for app_main
    main.o(.ARM.exidx.text.main) refers to main.o(.text.main) for [Anonymous Symbol]
    main.o(.text.SystemClock_Config) refers to stm32f1xx_hal_rcc.o(.text.HAL_RCC_OscConfig) for HAL_RCC_OscConfig
    main.o(.text.SystemClock_Config) refers to stm32f1xx_hal_rcc.o(.text.HAL_RCC_ClockConfig) for HAL_RCC_ClockConfig
    main.o(.ARM.exidx.text.SystemClock_Config) refers to main.o(.text.SystemClock_Config) for [Anonymous Symbol]
    main.o(.ARM.exidx.text.Error_Handler) refers to main.o(.text.Error_Handler) for [Anonymous Symbol]
    gpio.o(.text.MX_GPIO_Init) refers to stm32f1xx_hal_gpio.o(.text.HAL_GPIO_WritePin) for HAL_GPIO_WritePin
    gpio.o(.text.MX_GPIO_Init) refers to stm32f1xx_hal_gpio.o(.text.HAL_GPIO_Init) for HAL_GPIO_Init
    gpio.o(.ARM.exidx.text.MX_GPIO_Init) refers to gpio.o(.text.MX_GPIO_Init) for [Anonymous Symbol]
    stm32f1xx_it.o(.ARM.exidx.text.NMI_Handler) refers to stm32f1xx_it.o(.text.NMI_Handler) for [Anonymous Symbol]
    stm32f1xx_it.o(.ARM.exidx.text.HardFault_Handler) refers to stm32f1xx_it.o(.text.HardFault_Handler) for [Anonymous Symbol]
    stm32f1xx_it.o(.ARM.exidx.text.MemManage_Handler) refers to stm32f1xx_it.o(.text.MemManage_Handler) for [Anonymous Symbol]
    stm32f1xx_it.o(.ARM.exidx.text.BusFault_Handler) refers to stm32f1xx_it.o(.text.BusFault_Handler) for [Anonymous Symbol]
    stm32f1xx_it.o(.ARM.exidx.text.UsageFault_Handler) refers to stm32f1xx_it.o(.text.UsageFault_Handler) for [Anonymous Symbol]
    stm32f1xx_it.o(.ARM.exidx.text.SVC_Handler) refers to stm32f1xx_it.o(.text.SVC_Handler) for [Anonymous Symbol]
    stm32f1xx_it.o(.ARM.exidx.text.DebugMon_Handler) refers to stm32f1xx_it.o(.text.DebugMon_Handler) for [Anonymous Symbol]
    stm32f1xx_it.o(.text.SysTick_Handler) refers to stm32f1xx_hal_gpio.o(.text.HAL_GPIO_TogglePin) for HAL_GPIO_TogglePin
    stm32f1xx_it.o(.text.SysTick_Handler) refers to stm32f1xx_hal.o(.text.HAL_IncTick) for HAL_IncTick
    stm32f1xx_it.o(.text.SysTick_Handler) refers to os_core.o(.text.OSIntEnter) for OSIntEnter
    stm32f1xx_it.o(.text.SysTick_Handler) refers to os_core.o(.text.OSTimeTick) for OSTimeTick
    stm32f1xx_it.o(.text.SysTick_Handler) refers to os_core.o(.text.OSIntExit) for OSIntExit
    stm32f1xx_it.o(.ARM.exidx.text.SysTick_Handler) refers to stm32f1xx_it.o(.text.SysTick_Handler) for [Anonymous Symbol]
    stm32f1xx_hal_msp.o(.ARM.exidx.text.HAL_MspInit) refers to stm32f1xx_hal_msp.o(.text.HAL_MspInit) for [Anonymous Symbol]
[...]
    Removing stm32f1xx_hal_exti.o(.ARM.exidx.text.HAL_EXTI_GenerateSWI), (8 bytes).
    Removing system_stm32f1xx.o(.text), (0 bytes).
    Removing system_stm32f1xx.o(.ARM.exidx.text.SystemInit), (8 bytes).
    Removing system_stm32f1xx.o(.text.SystemCoreClockUpdate), (112 bytes).
    Removing system_stm32f1xx.o(.ARM.exidx.text.SystemCoreClockUpdate), (8 bytes).
    Removing system_stm32f1xx.o(.rodata.APBPrescTable), (8 bytes).
    Removing bsp_rcc.o(.text), (0 bytes).
    Removing bsp_systick.o(.text), (0 bytes).
    Removing bsp_systick.o(.ARM.exidx.text.HAL_InitTick), (8 bytes).
    Removing app.o(.text), (0 bytes).
    Removing app.o(.ARM.exidx.text.start_task), (8 bytes).
    Removing app.o(.ARM.exidx.text.LED1_task), (8 bytes).
    Removing app.o(.ARM.exidx.text.LED2_task), (8 bytes).
    Removing app.o(.ARM.exidx.text.LED3_task), (8 bytes).
    Removing app.o(.ARM.exidx.text.app_main), (8 bytes).
    Removing lib_ascii.o(.text), (0 bytes).
    Removing lib_ascii.o(.text.ASCII_IsAlpha), (18 bytes).
    Removing lib_ascii.o(.ARM.exidx.text.ASCII_IsAlpha), (8 bytes).
    Removing lib_ascii.o(.text.ASCII_IsAlnum), (34 bytes).
    Removing lib_ascii.o(.ARM.exidx.text.ASCII_IsAlnum), (8 bytes).
    Removing lib_ascii.o(.text.ASCII_IsLower), (14 bytes).
    Removing lib_ascii.o(.ARM.exidx.text.ASCII_IsLower), (8 bytes).
    Removing lib_ascii.o(.text.ASCII_IsUpper), (14 bytes).
    Removing lib_ascii.o(.ARM.exidx.text.ASCII_IsUpper), (8 bytes).
    Removing lib_ascii.o(.text.ASCII_IsDig), (14 bytes).
    Removing lib_ascii.o(.ARM.exidx.text.ASCII_IsDig), (8 bytes).
    Removing lib_ascii.o(.text.ASCII_IsDigOct), (14 bytes).
    Removing lib_ascii.o(.ARM.exidx.text.ASCII_IsDigOct), (8 bytes).
    Removing lib_ascii.o(.text.ASCII_IsDigHex), (34 bytes).
    Removing lib_ascii.o(.ARM.exidx.text.ASCII_IsDigHex), (8 bytes).
    Removing lib_ascii.o(.text.ASCII_IsBlank), (22 bytes).
    Removing lib_ascii.o(.ARM.exidx.text.ASCII_IsBlank), (8 bytes).
    Removing lib_ascii.o(.text.ASCII_IsSpace), (26 bytes).
    Removing lib_ascii.o(.ARM.exidx.text.ASCII_IsSpace), (8 bytes).
    Removing lib_ascii.o(.text.ASCII_IsPrint), (14 bytes).
    Removing lib_ascii.o(.ARM.exidx.text.ASCII_IsPrint), (8 bytes).
    Removing lib_ascii.o(.text.ASCII_IsGraph), (14 bytes).
    Removing lib_ascii.o(.ARM.exidx.text.ASCII_IsGraph), (8 bytes).
    Removing lib_ascii.o(.text.ASCII_IsPunct), (42 bytes).
    Removing lib_ascii.o(.ARM.exidx.text.ASCII_IsPunct), (8 bytes).
    Removing lib_ascii.o(.text.ASCII_IsCtrl), (26 bytes).
    Removing lib_ascii.o(.ARM.exidx.text.ASCII_IsCtrl), (8 bytes).
    Removing lib_ascii.o(.text.ASCII_ToLower), (16 bytes).
    Removing lib_ascii.o(.ARM.exidx.text.ASCII_ToLower), (8 bytes).
    Removing lib_ascii.o(.text.ASCII_ToUpper), (16 bytes).
    Removing lib_ascii.o(.ARM.exidx.text.ASCII_ToUpper), (8 bytes).
    Removing lib_ascii.o(.text.ASCII_Cmp), (38 bytes).
    Removing lib_ascii.o(.ARM.exidx.text.ASCII_Cmp), (8 bytes).
    Removing lib_mem.o(.text), (0 bytes).
    Removing lib_mem.o(.text.Mem_Init), (2 bytes).
    Removing lib_mem.o(.ARM.exidx.text.Mem_Init), (8 bytes).
    Removing lib_mem.o(.text.Mem_Clr), (80 bytes).
    Removing lib_mem.o(.ARM.exidx.text.Mem_Clr), (8 bytes).
    Removing lib_mem.o(.text.Mem_Set), (180 bytes).
    Removing lib_mem.o(.ARM.exidx.text.Mem_Set), (8 bytes).
    Removing lib_mem.o(.text.Mem_Copy), (378 bytes).
    Removing lib_mem.o(.ARM.exidx.text.Mem_Copy), (8 bytes).
    Removing lib_mem.o(.text.Mem_Cmp), (490 bytes).
    Removing lib_mem.o(.ARM.exidx.text.Mem_Cmp), (8 bytes).
    Removing lib_str.o(.text), (0 bytes).
    Removing lib_str.o(.text.Str_Len), (60 bytes).
    Removing lib_str.o(.ARM.exidx.text.Str_Len), (8 bytes).
    Removing lib_str.o(.text.Str_Copy), (118 bytes).
    Removing lib_str.o(.ARM.exidx.text.Str_Copy), (8 bytes).
    Removing lib_str.o(.text.Str_Copy_N), (152 bytes).
    Removing lib_str.o(.ARM.exidx.text.Str_Copy_N), (8 bytes).
    Removing lib_str.o(.text.Str_Cat), (178 bytes).
    Removing lib_str.o(.ARM.exidx.text.Str_Cat), (8 bytes).
    Removing lib_str.o(.text.Str_Cat_N), (204 bytes).
    Removing lib_str.o(.ARM.exidx.text.Str_Cat_N), (8 bytes).
    Removing lib_str.o(.text.Str_Cmp), (108 bytes).
    Removing lib_str.o(.ARM.exidx.text.Str_Cmp), (8 bytes).
    Removing lib_str.o(.text.Str_Cmp_N), (112 bytes).
    Removing lib_str.o(.ARM.exidx.text.Str_Cmp_N), (8 bytes).
    Removing lib_str.o(.text.Str_CmpIgnoreCase), (202 bytes).
    Removing lib_str.o(.ARM.exidx.text.Str_CmpIgnoreCase), (8 bytes).
    Removing lib_str.o(.text.Str_CmpIgnoreCase_N), (200 bytes).
    Removing lib_str.o(.ARM.exidx.text.Str_CmpIgnoreCase_N), (8 bytes).
    Removing lib_str.o(.text.Str_Char), (186 bytes).
    Removing lib_str.o(.ARM.exidx.text.Str_Char), (8 bytes).
    Removing lib_str.o(.text.Str_Char_N), (198 bytes).
    Removing lib_str.o(.ARM.exidx.text.Str_Char_N), (8 bytes).
    Removing lib_str.o(.text.Str_Char_Last), (178 bytes).
    Removing lib_str.o(.ARM.exidx.text.Str_Char_Last), (8 bytes).
    Removing lib_str.o(.text.Str_Str), (324 bytes).
    Removing lib_str.o(.ARM.exidx.text.Str_Str), (8 bytes).
    Removing lib_str.o(.text.Str_FmtNbr_Int32U), (450 bytes).
    Removing lib_str.o(.ARM.exidx.text.Str_FmtNbr_Int32U), (8 bytes).
    Removing lib_str.o(.text.Str_FmtNbr_Int32S), (920 bytes).
    Removing lib_str.o(.ARM.exidx.text.Str_FmtNbr_Int32S), (8 bytes).
    Removing lib_str.o(.text.Str_ParseNbr_Int32U), (22 bytes).
    Removing lib_str.o(.ARM.exidx.text.Str_ParseNbr_Int32U), (8 bytes).
    Removing lib_str.o(.text.Str_ParseNbr_Int32), (588 bytes).
    Removing lib_str.o(.ARM.exidx.text.Str_ParseNbr_Int32), (8 bytes).
    Removing lib_str.o(.text.Str_ParseNbr_Int32S), (58 bytes).
    Removing lib_str.o(.ARM.exidx.text.Str_ParseNbr_Int32S), (8 bytes).
    Removing lib_str.o(.rodata.Str_MultOvfThTbl_Int32U), (148 bytes).
    Removing os_core.o(.text), (0 bytes).
    Removing os_core.o(.text.OSEventNameGet), (174 bytes).
    Removing os_core.o(.ARM.exidx.text.OSEventNameGet), (8 bytes).
    Removing os_core.o(.ARM.exidx.text.OS_StrCopy), (8 bytes).
    Removing os_core.o(.text.OSEventNameSet), (218 bytes).
    Removing os_core.o(.ARM.exidx.text.OSEventNameSet), (8 bytes).
    Removing os_core.o(.ARM.exidx.text.OS_StrLen), (8 bytes).
    Removing os_core.o(.text.OSEventPendMulti), (746 bytes).
    Removing os_core.o(.ARM.exidx.text.OSEventPendMulti), (8 bytes).
    Removing os_core.o(.text.OS_EventTaskWaitMulti), (116 bytes).
    Removing os_core.o(.ARM.exidx.text.OS_EventTaskWaitMulti), (8 bytes).
    Removing os_core.o(.ARM.exidx.text.OS_Sched), (8 bytes).
    Removing os_core.o(.text.OS_EventTaskRemoveMulti), (66 bytes).
    Removing os_core.o(.ARM.exidx.text.OS_EventTaskRemoveMulti), (8 bytes).
    Removing os_core.o(.ARM.exidx.text.OSInit), (8 bytes).
    Removing os_core.o(.ARM.exidx.text.OSIntEnter), (8 bytes).
    Removing os_core.o(.ARM.exidx.text.OSIntExit), (8 bytes).
    Removing os_core.o(.text.OSSchedLock), (44 bytes).
    Removing os_core.o(.ARM.exidx.text.OSSchedLock), (8 bytes).
    Removing os_core.o(.text.OSSchedUnlock), (150 bytes).
    Removing os_core.o(.ARM.exidx.text.OSSchedUnlock), (8 bytes).
    Removing os_core.o(.ARM.exidx.text.OSStart), (8 bytes).
    Removing os_core.o(.text.OSStatInit), (54 bytes).
    Removing os_core.o(.ARM.exidx.text.OSStatInit), (8 bytes).
    Removing os_core.o(.ARM.exidx.text.OSTimeTick), (8 bytes).
    Removing os_core.o(.text.OSVersion), (6 bytes).
    Removing os_core.o(.ARM.exidx.text.OSVersion), (8 bytes).
    Removing os_core.o(.text.OS_Dummy), (2 bytes).
    Removing os_core.o(.ARM.exidx.text.OS_Dummy), (8 bytes).
    Removing os_core.o(.text.OS_EventTaskRdy), (224 bytes).
    Removing os_core.o(.ARM.exidx.text.OS_EventTaskRdy), (8 bytes).
    Removing os_core.o(.text.OS_EventTaskRemove), (44 bytes).
    Removing os_core.o(.ARM.exidx.text.OS_EventTaskRemove), (8 bytes).
    Removing os_core.o(.text.OS_EventTaskWait), (94 bytes).
    Removing os_core.o(.ARM.exidx.text.OS_EventTaskWait), (8 bytes).
    Removing os_core.o(.text.OS_EventWaitListInit), (10 bytes).
    Removing os_core.o(.ARM.exidx.text.OS_EventWaitListInit), (8 bytes).
    Removing os_core.o(.ARM.exidx.text.OS_MemClr), (8 bytes).
    Removing os_core.o(.text.OS_MemCopy), (112 bytes).
    Removing os_core.o(.ARM.exidx.text.OS_MemCopy), (8 bytes).
    Removing os_core.o(.ARM.exidx.text.OS_TaskIdle), (8 bytes).
    Removing os_core.o(.ARM.exidx.text.OS_TaskStat), (8 bytes).
    Removing os_core.o(.text.OS_TaskStatStkChk), (68 bytes).
    Removing os_core.o(.ARM.exidx.text.OS_TaskStatStkChk), (8 bytes).
    Removing os_core.o(.ARM.exidx.text.OS_TCBInit), (8 bytes).
    Removing os_flag.o(.text), (0 bytes).
    Removing os_flag.o(.text.OSFlagAccept), (216 bytes).
    Removing os_flag.o(.ARM.exidx.text.OSFlagAccept), (8 bytes).
    Removing os_flag.o(.ARM.exidx.text.OSFlagCreate), (8 bytes).
    Removing os_flag.o(.text.OSFlagDel), (338 bytes).
    Removing os_flag.o(.ARM.exidx.text.OSFlagDel), (8 bytes).
    Removing os_flag.o(.text.OSFlagNameGet), (82 bytes).
    Removing os_flag.o(.ARM.exidx.text.OSFlagNameGet), (8 bytes).
    Removing os_flag.o(.text.OSFlagNameSet), (88 bytes).
    Removing os_flag.o(.ARM.exidx.text.OSFlagNameSet), (8 bytes).
    Removing os_flag.o(.ARM.exidx.text.OSFlagPend), (8 bytes).
    Removing os_flag.o(.ARM.exidx.text.OS_FlagBlock), (8 bytes).
    Removing os_flag.o(.text.OS_FlagUnlink), (42 bytes).
    Removing os_flag.o(.ARM.exidx.text.OS_FlagUnlink), (8 bytes).
    Removing os_flag.o(.text.OSFlagPendGetFlagsRdy), (26 bytes).
    Removing os_flag.o(.ARM.exidx.text.OSFlagPendGetFlagsRdy), (8 bytes).
    Removing os_flag.o(.text.OSFlagPost), (526 bytes).
    Removing os_flag.o(.ARM.exidx.text.OSFlagPost), (8 bytes).
    Removing os_flag.o(.text.OSFlagQuery), (42 bytes).
    Removing os_flag.o(.ARM.exidx.text.OSFlagQuery), (8 bytes).
    Removing os_flag.o(.ARM.exidx.text.OS_FlagInit), (8 bytes).
    Removing os_mbox.o(.text), (0 bytes).
    Removing os_mbox.o(.text.OSMboxAccept), (30 bytes).
    Removing os_mbox.o(.ARM.exidx.text.OSMboxAccept), (8 bytes).
    Removing os_mbox.o(.text.OSMboxCreate), (80 bytes).
    Removing os_mbox.o(.ARM.exidx.text.OSMboxCreate), (8 bytes).
    Removing os_mbox.o(.text.OSMboxDel), (226 bytes).
    Removing os_mbox.o(.ARM.exidx.text.OSMboxDel), (8 bytes).
    Removing os_mbox.o(.text.OSMboxPend), (230 bytes).
    Removing os_mbox.o(.ARM.exidx.text.OSMboxPend), (8 bytes).
    Removing os_mbox.o(.text.OSMboxPendAbort), (122 bytes).
    Removing os_mbox.o(.ARM.exidx.text.OSMboxPendAbort), (8 bytes).
    Removing os_mbox.o(.text.OSMboxPost), (84 bytes).
    Removing os_mbox.o(.ARM.exidx.text.OSMboxPost), (8 bytes).
    Removing os_mbox.o(.text.OSMboxPostOpt), (122 bytes).
    Removing os_mbox.o(.ARM.exidx.text.OSMboxPostOpt), (8 bytes).
    Removing os_mbox.o(.text.OSMboxQuery), (52 bytes).
    Removing os_mbox.o(.ARM.exidx.text.OSMboxQuery), (8 bytes).
    Removing os_mem.o(.text), (0 bytes).
    Removing os_mem.o(.text.OSMemCreate), (156 bytes).
    Removing os_mem.o(.ARM.exidx.text.OSMemCreate), (8 bytes).
    Removing os_mem.o(.text.OSMemGet), (50 bytes).
    Removing os_mem.o(.ARM.exidx.text.OSMemGet), (8 bytes).
    Removing os_mem.o(.text.OSMemNameGet), (70 bytes).
    Removing os_mem.o(.ARM.exidx.text.OSMemNameGet), (8 bytes).
    Removing os_mem.o(.text.OSMemNameSet), (76 bytes).
    Removing os_mem.o(.ARM.exidx.text.OSMemNameSet), (8 bytes).
    Removing os_mem.o(.text.OSMemPut), (50 bytes).
    Removing os_mem.o(.ARM.exidx.text.OSMemPut), (8 bytes).
    Removing os_mem.o(.text.OSMemQuery), (40 bytes).
    Removing os_mem.o(.ARM.exidx.text.OSMemQuery), (8 bytes).
    Removing os_mem.o(.ARM.exidx.text.OS_MemInit), (8 bytes).
    Removing os_mutex.o(.text), (0 bytes).
    Removing os_mutex.o(.text.OSMutexAccept), (122 bytes).
    Removing os_mutex.o(.ARM.exidx.text.OSMutexAccept), (8 bytes).
    Removing os_mutex.o(.text.OSMutexCreate), (142 bytes).
    Removing os_mutex.o(.ARM.exidx.text.OSMutexCreate), (8 bytes).
    Removing os_mutex.o(.text.OSMutexDel), (270 bytes).
    Removing os_mutex.o(.ARM.exidx.text.OSMutexDel), (8 bytes).
    Removing os_mutex.o(.text.OSMutex_RdyAtPrio), (128 bytes).
    Removing os_mutex.o(.ARM.exidx.text.OSMutex_RdyAtPrio), (8 bytes).
    Removing os_mutex.o(.text.OSMutexPend), (502 bytes).
    Removing os_mutex.o(.ARM.exidx.text.OSMutexPend), (8 bytes).
    Removing os_mutex.o(.text.OSMutexPost), (300 bytes).
    Removing os_mutex.o(.ARM.exidx.text.OSMutexPost), (8 bytes).
    Removing os_mutex.o(.text.OSMutexQuery), (86 bytes).
    Removing os_mutex.o(.ARM.exidx.text.OSMutexQuery), (8 bytes).
    Removing os_q.o(.text), (0 bytes).
    Removing os_q.o(.text.OSQAccept), (82 bytes).
    Removing os_q.o(.ARM.exidx.text.OSQAccept), (8 bytes).
    Removing os_q.o(.text.OSQCreate), (144 bytes).
    Removing os_q.o(.ARM.exidx.text.OSQCreate), (8 bytes).
    Removing os_q.o(.text.OSQDel), (258 bytes).
    Removing os_q.o(.ARM.exidx.text.OSQDel), (8 bytes).
    Removing os_q.o(.text.OSQFlush), (28 bytes).
    Removing os_q.o(.ARM.exidx.text.OSQFlush), (8 bytes).
    Removing os_q.o(.text.OSQPend), (248 bytes).
    Removing os_q.o(.ARM.exidx.text.OSQPend), (8 bytes).
    Removing os_q.o(.text.OSQPendAbort), (122 bytes).
    Removing os_q.o(.ARM.exidx.text.OSQPendAbort), (8 bytes).
    Removing os_q.o(.text.OSQPost), (122 bytes).
    Removing os_q.o(.ARM.exidx.text.OSQPost), (8 bytes).
    Removing os_q.o(.text.OSQPostFront), (110 bytes).
    Removing os_q.o(.ARM.exidx.text.OSQPostFront), (8 bytes).
    Removing os_q.o(.text.OSQPostOpt), (176 bytes).
    Removing os_q.o(.ARM.exidx.text.OSQPostOpt), (8 bytes).
    Removing os_q.o(.text.OSQQuery), (70 bytes).
    Removing os_q.o(.ARM.exidx.text.OSQQuery), (8 bytes).
    Removing os_q.o(.ARM.exidx.text.OS_QInit), (8 bytes).
    Removing os_sem.o(.text), (0 bytes).
    Removing os_sem.o(.text.OSSemAccept), (36 bytes).
    Removing os_sem.o(.ARM.exidx.text.OSSemAccept), (8 bytes).
    Removing os_sem.o(.text.OSSemCreate), (80 bytes).
    Removing os_sem.o(.ARM.exidx.text.OSSemCreate), (8 bytes).
    Removing os_sem.o(.text.OSSemDel), (226 bytes).
    Removing os_sem.o(.ARM.exidx.text.OSSemDel), (8 bytes).
    Removing os_sem.o(.text.OSSemPend), (228 bytes).
    Removing os_sem.o(.ARM.exidx.text.OSSemPend), (8 bytes).
    Removing os_sem.o(.text.OSSemPendAbort), (122 bytes).
    Removing os_sem.o(.ARM.exidx.text.OSSemPendAbort), (8 bytes).
    Removing os_sem.o(.text.OSSemPost), (86 bytes).
    Removing os_sem.o(.ARM.exidx.text.OSSemPost), (8 bytes).
    Removing os_sem.o(.text.OSSemQuery), (52 bytes).
    Removing os_sem.o(.ARM.exidx.text.OSSemQuery), (8 bytes).
    Removing os_sem.o(.text.OSSemSet), (62 bytes).
    Removing os_sem.o(.ARM.exidx.text.OSSemSet), (8 bytes).
    Removing os_task.o(.text), (0 bytes).
    Removing os_task.o(.text.OSTaskChangePrio), (370 bytes).
    Removing os_task.o(.ARM.exidx.text.OSTaskChangePrio), (8 bytes).
    Removing os_task.o(.ARM.exidx.text.OSTaskCreate), (8 bytes).
    Removing os_task.o(.ARM.exidx.text.OSTaskCreateExt), (8 bytes).
    Removing os_task.o(.text.OS_TaskStkClr), (30 bytes).
    Removing os_task.o(.ARM.exidx.text.OS_TaskStkClr), (8 bytes).
    Removing os_task.o(.text.OSTaskDel), (344 bytes).
    Removing os_task.o(.ARM.exidx.text.OSTaskDel), (8 bytes).
    Removing os_task.o(.text.OSTaskDelReq), (104 bytes).
    Removing os_task.o(.ARM.exidx.text.OSTaskDelReq), (8 bytes).
    Removing os_task.o(.text.OSTaskNameGet), (112 bytes).
    Removing os_task.o(.ARM.exidx.text.OSTaskNameGet), (8 bytes).
    Removing os_task.o(.ARM.exidx.text.OSTaskNameSet), (8 bytes).
    Removing os_task.o(.text.OSTaskResume), (162 bytes).
    Removing os_task.o(.ARM.exidx.text.OSTaskResume), (8 bytes).
    Removing os_task.o(.ARM.exidx.text.OSTaskStkChk), (8 bytes).
    Removing os_task.o(.ARM.exidx.text.OSTaskSuspend), (8 bytes).
    Removing os_task.o(.text.OSTaskQuery), (92 bytes).
    Removing os_task.o(.ARM.exidx.text.OSTaskQuery), (8 bytes).
    Removing os_time.o(.text), (0 bytes).
    Removing os_time.o(.ARM.exidx.text.OSTimeDly), (8 bytes).
    Removing os_time.o(.text.OSTimeDlyHMSM), (310 bytes).
    Removing os_time.o(.ARM.exidx.text.OSTimeDlyHMSM), (8 bytes).
    Removing os_time.o(.text.OSTimeDlyResume), (156 bytes).
    Removing os_time.o(.ARM.exidx.text.OSTimeDlyResume), (8 bytes).
    Removing os_time.o(.text.OSTimeGet), (24 bytes).
    Removing os_time.o(.ARM.exidx.text.OSTimeGet), (8 bytes).
    Removing os_time.o(.text.OSTimeSet), (26 bytes).
    Removing os_time.o(.ARM.exidx.text.OSTimeSet), (8 bytes).
    Removing os_tmr.o(.text), (0 bytes).
    Removing os_cpu_c.o(.text), (0 bytes).
    Removing os_cpu_c.o(.ARM.exidx.text.OSInitHookBegin), (8 bytes).
    Removing os_cpu_c.o(.ARM.exidx.text.OSInitHookEnd), (8 bytes).
    Removing os_cpu_c.o(.ARM.exidx.text.OSTaskCreateHook), (8 bytes).
    Removing os_cpu_c.o(.text.OSTaskDelHook), (2 bytes).
    Removing os_cpu_c.o(.ARM.exidx.text.OSTaskDelHook), (8 bytes).
    Removing os_cpu_c.o(.ARM.exidx.text.OSTaskIdleHook), (8 bytes).
    Removing os_cpu_c.o(.ARM.exidx.text.OSTaskStatHook), (8 bytes).
    Removing os_cpu_c.o(.ARM.exidx.text.OSTaskStkInit), (8 bytes).
    Removing os_cpu_c.o(.ARM.exidx.text.OSTaskSwHook), (8 bytes).
    Removing os_cpu_c.o(.ARM.exidx.text.OSTCBInitHook), (8 bytes).
    Removing os_cpu_c.o(.ARM.exidx.text.OSTimeTickHook), (8 bytes).
    Removing os_dbg.o(.text), (0 bytes).
    Removing os_dbg.o(.rodata.OSDebugEn), (2 bytes).

567 unused section(s) (total 27736 bytes) removed from the image.

==============================================================================

Image Symbol Table

    Local Symbols

    Symbol Name                              Value     Ov Type        Size  Object(Section)

    ../clib/angel/boardlib.s                 0x00000000   Number         0  boardinit1.o ABSOLUTE
    ../clib/angel/boardlib.s                 0x00000000   Number         0  boardinit2.o ABSOLUTE
    ../clib/angel/boardlib.s                 0x00000000   Number         0  boardinit3.o ABSOLUTE
    ../clib/angel/boardlib.s                 0x00000000   Number         0  boardshut.o ABSOLUTE
    ../clib/angel/handlers.s                 0x00000000   Number         0  __scatter_copy.o ABSOLUTE
    ../clib/angel/handlers.s                 0x00000000   Number         0  __scatter_zi.o ABSOLUTE
    ../clib/angel/kernel.s                   0x00000000   Number         0  __rtentry.o ABSOLUTE
    ../clib/angel/kernel.s                   0x00000000   Number         0  __rtentry2.o ABSOLUTE
    ../clib/angel/kernel.s                   0x00000000   Number         0  __rtentry4.o ABSOLUTE
    ../clib/angel/kernel.s                   0x00000000   Number         0  rtexit.o ABSOLUTE
    ../clib/angel/kernel.s                   0x00000000   Number         0  rtexit2.o ABSOLUTE
    ../clib/angel/rt.s                       0x00000000   Number         0  rt_raise.o ABSOLUTE
    ../clib/angel/scatter.s                  0x00000000   Number         0  __scatter.o ABSOLUTE
    ../clib/angel/startup.s                  0x00000000   Number         0  __main.o ABSOLUTE
    ../clib/angel/sys.s                      0x00000000   Number         0  sys_stackheap_outer.o ABSOLUTE
    ../clib/angel/sys.s                      0x00000000   Number         0  libspace.o ABSOLUTE
    ../clib/angel/sys.s                      0x00000000   Number         0  use_no_semi.o ABSOLUTE
    ../clib/angel/sys.s                      0x00000000   Number         0  indicate_semi.o ABSOLUTE
    ../clib/angel/sysapp.c                   0x00000000   Number         0  sys_exit.o ABSOLUTE
    ../clib/angel/sysapp.c                   0x00000000   Number         0  sys_exit_hlt.o ABSOLUTE
    ../clib/angel/sysapp.c                   0x00000000   Number         0  sys_command.o ABSOLUTE
    ../clib/angel/sysapp.c                   0x00000000   Number         0  sys_command_hlt.o ABSOLUTE
    ../clib/angel/sysapp.c                   0x00000000   Number         0  sys_wrch.o ABSOLUTE
    ../clib/angel/sysapp.c                   0x00000000   Number         0  sys_wrch_hlt.o ABSOLUTE
    ../clib/armsys.c                         0x00000000   Number         0  argv_veneer.o ABSOLUTE
    ../clib/armsys.c                         0x00000000   Number         0  argv_veneer.o ABSOLUTE
    ../clib/armsys.c                         0x00000000   Number         0  _get_argv_nomalloc.o ABSOLUTE
    ../clib/armsys.c                         0x00000000   Number         0  no_argv.o ABSOLUTE
    ../clib/heapalloc.c                      0x00000000   Number         0  hrguard.o ABSOLUTE
    ../clib/heapaux.c                        0x00000000   Number         0  heapauxi.o ABSOLUTE
    ../clib/libinit.s                        0x00000000   Number         0  libinit.o ABSOLUTE
    ../clib/libinit.s                        0x00000000   Number         0  libinit2.o ABSOLUTE
    ../clib/libinit.s                        0x00000000   Number         0  libshutdown.o ABSOLUTE
    ../clib/libinit.s                        0x00000000   Number         0  libshutdown2.o ABSOLUTE
    ../clib/memcpset.s                       0x00000000   Number         0  aeabi_memset.o ABSOLUTE
    ../clib/memcpset.s                       0x00000000   Number         0  rt_memclr.o ABSOLUTE
    ../clib/memcpset.s                       0x00000000   Number         0  rt_memclr_w.o ABSOLUTE
    ../clib/signal.c                         0x00000000   Number         0  defsig_rtmem_outer.o ABSOLUTE
    ../clib/signal.c                         0x00000000   Number         0  defsig_rtmem_formal.o ABSOLUTE
    ../clib/signal.c                         0x00000000   Number         0  defsig_exit.o ABSOLUTE
    ../clib/signal.c                         0x00000000   Number         0  defsig_rtmem_inner.o ABSOLUTE
    ../clib/signal.c                         0x00000000   Number         0  __raise.o ABSOLUTE
    ../clib/signal.c                         0x00000000   Number         0  defsig_general.o ABSOLUTE
    ../clib/signal.c                         0x00000000   Number         0  defsig_abrt_inner.o ABSOLUTE
    ../clib/signal.c                         0x00000000   Number         0  defsig_fpe_inner.o ABSOLUTE
    ../clib/signal.c                         0x00000000   Number         0  defsig_rtred_inner.o ABSOLUTE
    ../clib/signal.c                         0x00000000   Number         0  defsig_stak_inner.o ABSOLUTE
    ../clib/signal.c                         0x00000000   Number         0  defsig_pvfn_inner.o ABSOLUTE
    ../clib/signal.c                         0x00000000   Number         0  defsig_cppl_inner.o ABSOLUTE
    ../clib/signal.c                         0x00000000   Number         0  defsig_segv_inner.o ABSOLUTE
    ../clib/signal.c                         0x00000000   Number         0  defsig_other.o ABSOLUTE
    ../clib/signal.s                         0x00000000   Number         0  defsig.o ABSOLUTE
    ../clib/stdlib.c                         0x00000000   Number         0  exit.o ABSOLUTE
    ../fplib/fpinit.s                        0x00000000   Number         0  fpinit.o ABSOLUTE
    ../fplib/fpinit_empty.s                  0x00000000   Number         0  fpinit_empty.o ABSOLUTE
    ../uCOS_ports/os_cpu_a.asm               0x00000000   Number         0  os_cpu_a.o ABSOLUTE
    app.c                                    0x00000000   Number         0  app.o ABSOLUTE
    bsp_rcc.c                                0x00000000   Number         0  bsp_rcc.o ABSOLUTE
    bsp_systick.c                            0x00000000   Number         0  bsp_systick.o ABSOLUTE
    dc.s                                     0x00000000   Number         0  dc.o ABSOLUTE
    gpio.c                                   0x00000000   Number         0  gpio.o ABSOLUTE
    lib_ascii.c                              0x00000000   Number         0  lib_ascii.o ABSOLUTE
    lib_mem.c                                0x00000000   Number         0  lib_mem.o ABSOLUTE
    lib_str.c                                0x00000000   Number         0  lib_str.o ABSOLUTE
    main.c                                   0x00000000   Number         0  main.o ABSOLUTE
    os_core.c                                0x00000000   Number         0  os_core.o ABSOLUTE
    os_cpu_c.c                               0x00000000   Number         0  os_cpu_c.o ABSOLUTE
    os_dbg.c                                 0x00000000   Number         0  os_dbg.o ABSOLUTE
    os_flag.c                                0x00000000   Number         0  os_flag.o ABSOLUTE
    os_mbox.c                                0x00000000   Number         0  os_mbox.o ABSOLUTE
    os_mem.c                                 0x00000000   Number         0  os_mem.o ABSOLUTE
    os_mutex.c                               0x00000000   Number         0  os_mutex.o ABSOLUTE
    os_q.c                                   0x00000000   Number         0  os_q.o ABSOLUTE
    os_sem.c                                 0x00000000   Number         0  os_sem.o ABSOLUTE
    os_task.c                                0x00000000   Number         0  os_task.o ABSOLUTE
    os_time.c                                0x00000000   Number         0  os_time.o ABSOLUTE
    os_tmr.c                                 0x00000000   Number         0  os_tmr.o ABSOLUTE
    startup_stm32f103xb.s                    0x00000000   Number         0  startup_stm32f103xb.o ABSOLUTE
    stm32f1xx_hal.c                          0x00000000   Number         0  stm32f1xx_hal.o ABSOLUTE
    stm32f1xx_hal_cortex.c                   0x00000000   Number         0  stm32f1xx_hal_cortex.o ABSOLUTE
    stm32f1xx_hal_dma.c                      0x00000000   Number         0  stm32f1xx_hal_dma.o ABSOLUTE
    stm32f1xx_hal_exti.c                     0x00000000   Number         0  stm32f1xx_hal_exti.o ABSOLUTE
    stm32f1xx_hal_flash.c                    0x00000000   Number         0  stm32f1xx_hal_flash.o ABSOLUTE
    stm32f1xx_hal_flash_ex.c                 0x00000000   Number         0  stm32f1xx_hal_flash_ex.o ABSOLUTE
    stm32f1xx_hal_gpio.c                     0x00000000   Number         0  stm32f1xx_hal_gpio.o ABSOLUTE
    stm32f1xx_hal_gpio_ex.c                  0x00000000   Number         0  stm32f1xx_hal_gpio_ex.o ABSOLUTE
    stm32f1xx_hal_msp.c                      0x00000000   Number         0  stm32f1xx_hal_msp.o ABSOLUTE
    stm32f1xx_hal_pwr.c                      0x00000000   Number         0  stm32f1xx_hal_pwr.o ABSOLUTE
    stm32f1xx_hal_rcc.c                      0x00000000   Number         0  stm32f1xx_hal_rcc.o ABSOLUTE
    stm32f1xx_hal_rcc_ex.c                   0x00000000   Number         0  stm32f1xx_hal_rcc_ex.o ABSOLUTE
    stm32f1xx_it.c                           0x00000000   Number         0  stm32f1xx_it.o ABSOLUTE
    system_stm32f1xx.c                       0x00000000   Number         0  system_stm32f1xx.o ABSOLUTE
    RESET                                    0x08000000   Section      236  startup_stm32f103xb.o(RESET)
    !!!main                                  0x080000ec   Section        8  __main.o(!!!main)
    !!!scatter                               0x080000f4   Section       52  __scatter.o(!!!scatter)
    !!handler_copy                           0x08000128   Section       26  __scatter_copy.o(!!handler_copy)
    !!handler_zi                             0x08000144   Section       28  __scatter_zi.o(!!handler_zi)
    .ARM.Collect$$libinit$$00000000          0x08000160   Section        2  libinit.o(.ARM.Collect$$libinit$$00000000)
    .ARM.Collect$$libinit$$00000002          0x08000162   Section        0  libinit2.o(.ARM.Collect$$libinit$$00000002)
    .ARM.Collect$$libinit$$00000004          0x08000162   Section        0  libinit2.o(.ARM.Collect$$libinit$$00000004)
    .ARM.Collect$$libinit$$00000006          0x08000162   Section        0  libinit2.o(.ARM.Collect$$libinit$$00000006)
    .ARM.Collect$$libinit$$0000000C          0x08000162   Section        0  libinit2.o(.ARM.Collect$$libinit$$0000000C)
    .ARM.Collect$$libinit$$0000000E          0x08000162   Section        0  libinit2.o(.ARM.Collect$$libinit$$0000000E)
    .ARM.Collect$$libinit$$00000010          0x08000162   Section        0  libinit2.o(.ARM.Collect$$libinit$$00000010)
    .ARM.Collect$$libinit$$00000013          0x08000162   Section        0  libinit2.o(.ARM.Collect$$libinit$$00000013)
    .ARM.Collect$$libinit$$00000015          0x08000162   Section        0  libinit2.o(.ARM.Collect$$libinit$$00000015)
    .ARM.Collect$$libinit$$00000017          0x08000162   Section        0  libinit2.o(.ARM.Collect$$libinit$$00000017)
    .ARM.Collect$$libinit$$00000019          0x08000162   Section        0  libinit2.o(.ARM.Collect$$libinit$$00000019)
    .ARM.Collect$$libinit$$0000001B          0x08000162   Section        0  libinit2.o(.ARM.Collect$$libinit$$0000001B)
    .ARM.Collect$$libinit$$0000001D          0x08000162   Section        0  libinit2.o(.ARM.Collect$$libinit$$0000001D)
    .ARM.Collect$$libinit$$0000001F          0x08000162   Section        0  libinit2.o(.ARM.Collect$$libinit$$0000001F)
    .ARM.Collect$$libinit$$00000021          0x08000162   Section        0  libinit2.o(.ARM.Collect$$libinit$$00000021)
    .ARM.Collect$$libinit$$00000023          0x08000162   Section        0  libinit2.o(.ARM.Collect$$libinit$$00000023)
    .ARM.Collect$$libinit$$00000025          0x08000162   Section        0  libinit2.o(.ARM.Collect$$libinit$$00000025)
    .ARM.Collect$$libinit$$00000027          0x08000162   Section        0  libinit2.o(.ARM.Collect$$libinit$$00000027)
    .ARM.Collect$$libinit$$0000002E          0x08000162   Section        0  libinit2.o(.ARM.Collect$$libinit$$0000002E)
    .ARM.Collect$$libinit$$00000030          0x08000162   Section        0  libinit2.o(.ARM.Collect$$libinit$$00000030)
    .ARM.Collect$$libinit$$00000032          0x08000162   Section        0  libinit2.o(.ARM.Collect$$libinit$$00000032)
    .ARM.Collect$$libinit$$00000034          0x08000162   Section        0  libinit2.o(.ARM.Collect$$libinit$$00000034)
    .ARM.Collect$$libinit$$00000035          0x08000162   Section        2  libinit2.o(.ARM.Collect$$libinit$$00000035)
    .ARM.Collect$$libshutdown$$00000000      0x08000164   Section        2  libshutdown.o(.ARM.Collect$$libshutdown$$00000000)
    .ARM.Collect$$libshutdown$$00000002      0x08000166   Section        0  libshutdown2.o(.ARM.Collect$$libshutdown$$00000002)
    .ARM.Collect$$libshutdown$$00000004      0x08000166   Section        0  libshutdown2.o(.ARM.Collect$$libshutdown$$00000004)
    .ARM.Collect$$libshutdown$$00000007      0x08000166   Section        0  libshutdown2.o(.ARM.Collect$$libshutdown$$00000007)
    .ARM.Collect$$libshutdown$$0000000A      0x08000166   Section        0  libshutdown2.o(.ARM.Collect$$libshutdown$$0000000A)
    .ARM.Collect$$libshutdown$$0000000C      0x08000166   Section        0  libshutdown2.o(.ARM.Collect$$libshutdown$$0000000C)
    .ARM.Collect$$libshutdown$$0000000F      0x08000166   Section        0  libshutdown2.o(.ARM.Collect$$libshutdown$$0000000F)
    .ARM.Collect$$libshutdown$$00000010      0x08000166   Section        2  libshutdown2.o(.ARM.Collect$$libshutdown$$00000010)
    .ARM.Collect$$rtentry$$00000000          0x08000168   Section        0  __rtentry.o(.ARM.Collect$$rtentry$$00000000)
    .ARM.Collect$$rtentry$$00000002          0x08000168   Section        0  __rtentry2.o(.ARM.Collect$$rtentry$$00000002)
    .ARM.Collect$$rtentry$$00000004          0x08000168   Section        6  __rtentry4.o(.ARM.Collect$$rtentry$$00000004)
    .ARM.Collect$$rtentry$$00000009          0x0800016e   Section        0  __rtentry2.o(.ARM.Collect$$rtentry$$00000009)
    .ARM.Collect$$rtentry$$0000000A          0x0800016e   Section        4  __rtentry2.o(.ARM.Collect$$rtentry$$0000000A)
    .ARM.Collect$$rtentry$$0000000C          0x08000172   Section        0  __rtentry2.o(.ARM.Collect$$rtentry$$0000000C)
    .ARM.Collect$$rtentry$$0000000D          0x08000172   Section        8  __rtentry2.o(.ARM.Collect$$rtentry$$0000000D)
    .ARM.Collect$$rtexit$$00000000           0x0800017a   Section        2  rtexit.o(.ARM.Collect$$rtexit$$00000000)
    .ARM.Collect$$rtexit$$00000002           0x0800017c   Section        0  rtexit2.o(.ARM.Collect$$rtexit$$00000002)
    .ARM.Collect$$rtexit$$00000003           0x0800017c   Section        4  rtexit2.o(.ARM.Collect$$rtexit$$00000003)
    .ARM.Collect$$rtexit$$00000004           0x08000180   Section        6  rtexit2.o(.ARM.Collect$$rtexit$$00000004)
    .text                                    0x08000188   Section       64  startup_stm32f103xb.o(.text)
    .text                                    0x080001c8   Section      164  os_cpu_a.o(.text)
    .text                                    0x0800026c   Section       68  rt_memclr.o(.text)
    .text                                    0x080002b0   Section       78  rt_memclr_w.o(.text)
    .text                                    0x080002fe   Section        0  heapauxi.o(.text)
    .text                                    0x08000304   Section       74  sys_stackheap_outer.o(.text)
    .text                                    0x0800034e   Section        0  exit.o(.text)
    .text                                    0x08000360   Section        8  libspace.o(.text)
    .text                                    0x08000368   Section        0  sys_exit.o(.text)
    .text                                    0x08000374   Section        2  use_no_semi.o(.text)
    .text                                    0x08000376   Section        0  indicate_semi.o(.text)
    [Anonymous Symbol]                       0x08000378   Section        0  stm32f1xx_it.o(.text.BusFault_Handler)
    [Anonymous Symbol]                       0x0800037c   Section        0  stm32f1xx_it.o(.text.DebugMon_Handler)
    [Anonymous Symbol]                       0x08000380   Section        0  stm32f1xx_hal_gpio.o(.text.HAL_GPIO_Init)
    [Anonymous Symbol]                       0x0800059c   Section        0  stm32f1xx_hal_gpio.o(.text.HAL_GPIO_TogglePin)
    [Anonymous Symbol]                       0x080005ac   Section        0  stm32f1xx_hal_gpio.o(.text.HAL_GPIO_WritePin)
    [Anonymous Symbol]                       0x080005b8   Section        0  stm32f1xx_hal.o(.text.HAL_GetTick)
    [Anonymous Symbol]                       0x080005c4   Section        0  stm32f1xx_hal.o(.text.HAL_IncTick)
    [Anonymous Symbol]                       0x080005e0   Section        0  stm32f1xx_hal.o(.text.HAL_Init)
    [Anonymous Symbol]                       0x08000608   Section        0  bsp_systick.o(.text.HAL_InitTick)
    [Anonymous Symbol]                       0x08000650   Section        0  stm32f1xx_hal_msp.o(.text.HAL_MspInit)
    [Anonymous Symbol]                       0x08000694   Section        0  stm32f1xx_hal_cortex.o(.text.HAL_NVIC_SetPriority)
    [Anonymous Symbol]                       0x080006ec   Section        0  stm32f1xx_hal_cortex.o(.text.HAL_NVIC_SetPriorityGrouping)
    [Anonymous Symbol]                       0x0800070c   Section        0  stm32f1xx_hal_rcc.o(.text.HAL_RCC_ClockConfig)
    [Anonymous Symbol]                       0x080008cc   Section        0  stm32f1xx_hal_rcc.o(.text.HAL_RCC_OscConfig)
    [Anonymous Symbol]                       0x08000c80   Section        0  stm32f1xx_hal_cortex.o(.text.HAL_SYSTICK_Config)
    [Anonymous Symbol]                       0x08000cac   Section        0  stm32f1xx_it.o(.text.HardFault_Handler)
    [Anonymous Symbol]                       0x08000cb0   Section        0  app.o(.text.LED1_task)
    [Anonymous Symbol]                       0x08000cec   Section        0  app.o(.text.LED2_task)
    [Anonymous Symbol]                       0x08000d04   Section        0  app.o(.text.LED3_task)
    [Anonymous Symbol]                       0x08000d1c   Section        0  gpio.o(.text.MX_GPIO_Init)
    [Anonymous Symbol]                       0x08000d90   Section        0  stm32f1xx_it.o(.text.MemManage_Handler)
    [Anonymous Symbol]                       0x08000d94   Section        0  stm32f1xx_it.o(.text.NMI_Handler)
    [Anonymous Symbol]                       0x08000d98   Section        0  os_flag.o(.text.OSFlagCreate)
    [Anonymous Symbol]                       0x08000df0   Section        0  os_flag.o(.text.OSFlagPend)
    [Anonymous Symbol]                       0x08000fc4   Section        0  os_core.o(.text.OSInit)
    [Anonymous Symbol]                       0x0800120c   Section        0  os_cpu_c.o(.text.OSInitHookBegin)
    [Anonymous Symbol]                       0x08001210   Section        0  os_cpu_c.o(.text.OSInitHookEnd)
    [Anonymous Symbol]                       0x08001214   Section        0  os_core.o(.text.OSIntEnter)
    [Anonymous Symbol]                       0x08001230   Section        0  os_core.o(.text.OSIntExit)
    [Anonymous Symbol]                       0x080012bc   Section        0  os_core.o(.text.OSStart)
    [Anonymous Symbol]                       0x08001300   Section        0  os_cpu_c.o(.text.OSTCBInitHook)
    [Anonymous Symbol]                       0x08001304   Section        0  os_task.o(.text.OSTaskCreate)
    [Anonymous Symbol]                       0x080013ac   Section        0  os_task.o(.text.OSTaskCreateExt)
    [Anonymous Symbol]                       0x0800147c   Section        0  os_cpu_c.o(.text.OSTaskCreateHook)
    [Anonymous Symbol]                       0x08001480   Section        0  os_cpu_c.o(.text.OSTaskIdleHook)
    [Anonymous Symbol]                       0x08001484   Section        0  os_task.o(.text.OSTaskNameSet)
    [Anonymous Symbol]                       0x080014f8   Section        0  os_cpu_c.o(.text.OSTaskStatHook)
    [Anonymous Symbol]                       0x080014fc   Section        0  os_task.o(.text.OSTaskStkChk)
    [Anonymous Symbol]                       0x08001590   Section        0  os_cpu_c.o(.text.OSTaskStkInit)
    [Anonymous Symbol]                       0x080015f4   Section        0  os_task.o(.text.OSTaskSuspend)
    [Anonymous Symbol]                       0x0800169c   Section        0  os_cpu_c.o(.text.OSTaskSwHook)
    [Anonymous Symbol]                       0x080016a0   Section        0  os_time.o(.text.OSTimeDly)
    [Anonymous Symbol]                       0x0800171c   Section        0  os_core.o(.text.OSTimeTick)
    [Anonymous Symbol]                       0x080017bc   Section        0  os_cpu_c.o(.text.OSTimeTickHook)
    OS_FlagBlock                             0x080017c1   Thumb Code   118  os_flag.o(.text.OS_FlagBlock)
    [Anonymous Symbol]                       0x080017c0   Section        0  os_flag.o(.text.OS_FlagBlock)
    [Anonymous Symbol]                       0x08001838   Section        0  os_flag.o(.text.OS_FlagInit)
    [Anonymous Symbol]                       0x08001890   Section        0  os_core.o(.text.OS_MemClr)
    [Anonymous Symbol]                       0x080018a0   Section        0  os_mem.o(.text.OS_MemInit)
    [Anonymous Symbol]                       0x080018f0   Section        0  os_q.o(.text.OS_QInit)
    [Anonymous Symbol]                       0x08001924   Section        0  os_core.o(.text.OS_Sched)
    [Anonymous Symbol]                       0x08001988   Section        0  os_core.o(.text.OS_StrCopy)
    [Anonymous Symbol]                       0x08001a08   Section        0  os_core.o(.text.OS_StrLen)
    [Anonymous Symbol]                       0x08001a50   Section        0  os_core.o(.text.OS_TCBInit)
    [Anonymous Symbol]                       0x08001b44   Section        0  os_core.o(.text.OS_TaskIdle)
    [Anonymous Symbol]                       0x08001b60   Section        0  os_core.o(.text.OS_TaskStat)
    [Anonymous Symbol]                       0x08001c00   Section        0  stm32f1xx_it.o(.text.SVC_Handler)
    [Anonymous Symbol]                       0x08001c04   Section        0  stm32f1xx_it.o(.text.SysTick_Handler)
    [Anonymous Symbol]                       0x08001c2c   Section        0  system_stm32f1xx.o(.text.SystemInit)
    [Anonymous Symbol]                       0x08001c30   Section        0  stm32f1xx_it.o(.text.UsageFault_Handler)
    [Anonymous Symbol]                       0x08001c34   Section        0  app.o(.text.app_main)
    [Anonymous Symbol]                       0x08001c70   Section        0  main.o(.text.main)
    [Anonymous Symbol]                       0x08001cdc   Section        0  app.o(.text.start_task)
    HAL_RCC_GetSysClockFreq.aPredivFactorTable 0x08001d58   Data           2  stm32f1xx_hal_rcc.o(.rodata.HAL_RCC_GetSysClockFreq.aPredivFactorTable)
    [Anonymous Symbol]                       0x08001d58   Section        0  stm32f1xx_hal_rcc.o(.rodata.HAL_RCC_GetSysClockFreq.aPredivFactorTable)
    HAL_RCC_GetSysClockFreq.aPLLMULFactorTable 0x08001e5a   Data          16  stm32f1xx_hal_rcc.o(.rodata.cst16)
    [Anonymous Symbol]                       0x08001e5a   Section        0  stm32f1xx_hal_rcc.o(.rodata.cst16)
    .L_MergedGlobals                         0x20000000   Data           8  stm32f1xx_hal.o(.data..L_MergedGlobals)
    [Anonymous Symbol]                       0x20000000   Section        0  stm32f1xx_hal.o(.data..L_MergedGlobals)
    .bss                                     0x20000010   Section       96  libspace.o(.bss)
    .L_MergedGlobals                         0x20000070   Data          12  app.o(.bss..L_MergedGlobals)
    [Anonymous Symbol]                       0x20000070   Section        0  app.o(.bss..L_MergedGlobals)
    .L_MergedGlobals                         0x2000007c   Data          56  os_core.o(.bss..L_MergedGlobals)
    [Anonymous Symbol]                       0x2000007c   Section        0  os_core.o(.bss..L_MergedGlobals)
    Heap_Mem                                 0x200012a8   Data         512  startup_stm32f103xb.o(HEAP)
    HEAP                                     0x200012a8   Section      512  startup_stm32f103xb.o(HEAP)
    Stack_Mem                                0x200014a8   Data        1024  startup_stm32f103xb.o(STACK)
    STACK                                    0x200014a8   Section     1024  startup_stm32f103xb.o(STACK)
    __initial_sp                             0x200018a8   Data           0  startup_stm32f103xb.o(STACK)

    Global Symbols

    Symbol Name                              Value     Ov Type        Size  Object(Section)

    BuildAttributes$$THM_ISAv4$P$D$K$B$S$PE$A:L22UL41UL21$X:L11$S22US41US21$IEEE1$IW$~IW$USESV6$~STKCKD$USESV7$~SHL$OTIME$ROPI$EBA8$UX$STANDARDLIB$REQ8$PRES8$EABIv2 0x00000000   Number         0  anon$$obj.o ABSOLUTE
    __fp_init_empty                          0x00000000   Number         0  fpinit_empty.o ABSOLUTE
    __ARM_exceptions_init                     - Undefined Weak Reference
    __alloca_initialize                       - Undefined Weak Reference
    __arm_preinit_                            - Undefined Weak Reference
    __arm_relocate_pie_                       - Undefined Weak Reference
    __cpp_initialize__aeabi_                  - Undefined Weak Reference
    __cxa_finalize                            - Undefined Weak Reference
    __rt_locale                               - Undefined Weak Reference
    __sigvec_lookup                           - Undefined Weak Reference
    _atexit_init                              - Undefined Weak Reference
    _call_atexit_fns                          - Undefined Weak Reference
    _clock_init                               - Undefined Weak Reference
    _fp_trap_init                             - Undefined Weak Reference
    _fp_trap_shutdown                         - Undefined Weak Reference
    _get_lc_collate                           - Undefined Weak Reference
    _get_lc_ctype                             - Undefined Weak Reference
    _get_lc_monetary                          - Undefined Weak Reference
    _get_lc_numeric                           - Undefined Weak Reference
    _get_lc_time                              - Undefined Weak Reference
    _getenv_init                              - Undefined Weak Reference
    _handle_redirection                       - Undefined Weak Reference
    _init_alloc                               - Undefined Weak Reference
    _init_user_alloc                          - Undefined Weak Reference
    _initio                                   - Undefined Weak Reference
    _rand_init                                - Undefined Weak Reference
    _signal_finish                            - Undefined Weak Reference
    _signal_init                              - Undefined Weak Reference
    _terminate_alloc                          - Undefined Weak Reference
    _terminate_user_alloc                     - Undefined Weak Reference
    _terminateio                              - Undefined Weak Reference
    __Vectors_Size                           0x000000ec   Number         0  startup_stm32f103xb.o ABSOLUTE
    __Vectors                                0x08000000   Data           4  startup_stm32f103xb.o(RESET)
    __Vectors_End                            0x080000ec   Data           0  startup_stm32f103xb.o(RESET)
    __main                                   0x080000ed   Thumb Code     8  __main.o(!!!main)
    __scatterload                            0x080000f5   Thumb Code     0  __scatter.o(!!!scatter)
    __scatterload_rt2                        0x080000f5   Thumb Code    44  __scatter.o(!!!scatter)
    __scatterload_rt2_thumb_only             0x080000f5   Thumb Code     0  __scatter.o(!!!scatter)
    __scatterload_null                       0x08000103   Thumb Code     0  __scatter.o(!!!scatter)
    __scatterload_copy                       0x08000129   Thumb Code    26  __scatter_copy.o(!!handler_copy)
    __scatterload_zeroinit                   0x08000145   Thumb Code    28  __scatter_zi.o(!!handler_zi)
    __rt_lib_init                            0x08000161   Thumb Code     0  libinit.o(.ARM.Collect$$libinit$$00000000)
    __rt_lib_init_alloca_1                   0x08000163   Thumb Code     0  libinit2.o(.ARM.Collect$$libinit$$00000030)
    __rt_lib_init_argv_1                     0x08000163   Thumb Code     0  libinit2.o(.ARM.Collect$$libinit$$0000002E)
    __rt_lib_init_atexit_1                   0x08000163   Thumb Code     0  libinit2.o(.ARM.Collect$$libinit$$0000001D)
    __rt_lib_init_clock_1                    0x08000163   Thumb Code     0  libinit2.o(.ARM.Collect$$libinit$$00000023)
    __rt_lib_init_cpp_1                      0x08000163   Thumb Code     0  libinit2.o(.ARM.Collect$$libinit$$00000034)
    __rt_lib_init_exceptions_1               0x08000163   Thumb Code     0  libinit2.o(.ARM.Collect$$libinit$$00000032)
    __rt_lib_init_fp_1                       0x08000163   Thumb Code     0  libinit2.o(.ARM.Collect$$libinit$$00000002)
    __rt_lib_init_fp_trap_1                  0x08000163   Thumb Code     0  libinit2.o(.ARM.Collect$$libinit$$00000021)
    __rt_lib_init_getenv_1                   0x08000163   Thumb Code     0  libinit2.o(.ARM.Collect$$libinit$$00000025)
    __rt_lib_init_heap_1                     0x08000163   Thumb Code     0  libinit2.o(.ARM.Collect$$libinit$$0000000C)
    __rt_lib_init_lc_collate_1               0x08000163   Thumb Code     0  libinit2.o(.ARM.Collect$$libinit$$00000013)
    __rt_lib_init_lc_ctype_1                 0x08000163   Thumb Code     0  libinit2.o(.ARM.Collect$$libinit$$00000015)
    __rt_lib_init_lc_monetary_1              0x08000163   Thumb Code     0  libinit2.o(.ARM.Collect$$libinit$$00000017)
    __rt_lib_init_lc_numeric_1               0x08000163   Thumb Code     0  libinit2.o(.ARM.Collect$$libinit$$00000019)
    __rt_lib_init_lc_time_1                  0x08000163   Thumb Code     0  libinit2.o(.ARM.Collect$$libinit$$0000001B)
    __rt_lib_init_preinit_1                  0x08000163   Thumb Code     0  libinit2.o(.ARM.Collect$$libinit$$00000006)
    __rt_lib_init_rand_1                     0x08000163   Thumb Code     0  libinit2.o(.ARM.Collect$$libinit$$00000010)
    __rt_lib_init_relocate_pie_1             0x08000163   Thumb Code     0  libinit2.o(.ARM.Collect$$libinit$$00000004)
    __rt_lib_init_return                     0x08000163   Thumb Code     0  libinit2.o(.ARM.Collect$$libinit$$00000035)
    __rt_lib_init_signal_1                   0x08000163   Thumb Code     0  libinit2.o(.ARM.Collect$$libinit$$0000001F)
    __rt_lib_init_stdio_1                    0x08000163   Thumb Code     0  libinit2.o(.ARM.Collect$$libinit$$00000027)
    __rt_lib_init_user_alloc_1               0x08000163   Thumb Code     0  libinit2.o(.ARM.Collect$$libinit$$0000000E)
    __rt_lib_shutdown                        0x08000165   Thumb Code     0  libshutdown.o(.ARM.Collect$$libshutdown$$00000000)
    __rt_lib_shutdown_cpp_1                  0x08000167   Thumb Code     0  libshutdown2.o(.ARM.Collect$$libshutdown$$00000002)
    __rt_lib_shutdown_fp_trap_1              0x08000167   Thumb Code     0  libshutdown2.o(.ARM.Collect$$libshutdown$$00000007)
    __rt_lib_shutdown_heap_1                 0x08000167   Thumb Code     0  libshutdown2.o(.ARM.Collect$$libshutdown$$0000000F)
    __rt_lib_shutdown_return                 0x08000167   Thumb Code     0  libshutdown2.o(.ARM.Collect$$libshutdown$$00000010)
    __rt_lib_shutdown_signal_1               0x08000167   Thumb Code     0  libshutdown2.o(.ARM.Collect$$libshutdown$$0000000A)
    __rt_lib_shutdown_stdio_1                0x08000167   Thumb Code     0  libshutdown2.o(.ARM.Collect$$libshutdown$$00000004)
    __rt_lib_shutdown_user_alloc_1           0x08000167   Thumb Code     0  libshutdown2.o(.ARM.Collect$$libshutdown$$0000000C)
    __rt_entry                               0x08000169   Thumb Code     0  __rtentry.o(.ARM.Collect$$rtentry$$00000000)
    __rt_entry_presh_1                       0x08000169   Thumb Code     0  __rtentry2.o(.ARM.Collect$$rtentry$$00000002)
    __rt_entry_sh                            0x08000169   Thumb Code     0  __rtentry4.o(.ARM.Collect$$rtentry$$00000004)
    __rt_entry_li                            0x0800016f   Thumb Code     0  __rtentry2.o(.ARM.Collect$$rtentry$$0000000A)
    __rt_entry_postsh_1                      0x0800016f   Thumb Code     0  __rtentry2.o(.ARM.Collect$$rtentry$$00000009)
    __rt_entry_main                          0x08000173   Thumb Code     0  __rtentry2.o(.ARM.Collect$$rtentry$$0000000D)
    __rt_entry_postli_1                      0x08000173   Thumb Code     0  __rtentry2.o(.ARM.Collect$$rtentry$$0000000C)
    __rt_exit                                0x0800017b   Thumb Code     0  rtexit.o(.ARM.Collect$$rtexit$$00000000)
    __rt_exit_ls                             0x0800017d   Thumb Code     0  rtexit2.o(.ARM.Collect$$rtexit$$00000003)
    __rt_exit_prels_1                        0x0800017d   Thumb Code     0  rtexit2.o(.ARM.Collect$$rtexit$$00000002)
    __rt_exit_exit                           0x08000181   Thumb Code     0  rtexit2.o(.ARM.Collect$$rtexit$$00000004)
    Reset_Handler                            0x08000189   Thumb Code     8  startup_stm32f103xb.o(.text)
    ADC1_2_IRQHandler                        0x080001a3   Thumb Code     0  startup_stm32f103xb.o(.text)
    CAN1_RX1_IRQHandler                      0x080001a3   Thumb Code     0  startup_stm32f103xb.o(.text)
    CAN1_SCE_IRQHandler                      0x080001a3   Thumb Code     0  startup_stm32f103xb.o(.text)
    DMA1_Channel1_IRQHandler                 0x080001a3   Thumb Code     0  startup_stm32f103xb.o(.text)
    DMA1_Channel2_IRQHandler                 0x080001a3   Thumb Code     0  startup_stm32f103xb.o(.text)
    DMA1_Channel3_IRQHandler                 0x080001a3   Thumb Code     0  startup_stm32f103xb.o(.text)
    DMA1_Channel4_IRQHandler                 0x080001a3   Thumb Code     0  startup_stm32f103xb.o(.text)
    DMA1_Channel5_IRQHandler                 0x080001a3   Thumb Code     0  startup_stm32f103xb.o(.text)
    DMA1_Channel6_IRQHandler                 0x080001a3   Thumb Code     0  startup_stm32f103xb.o(.text)
    DMA1_Channel7_IRQHandler                 0x080001a3   Thumb Code     0  startup_stm32f103xb.o(.text)
    EXTI0_IRQHandler                         0x080001a3   Thumb Code     0  startup_stm32f103xb.o(.text)
    EXTI15_10_IRQHandler                     0x080001a3   Thumb Code     0  startup_stm32f103xb.o(.text)
    EXTI1_IRQHandler                         0x080001a3   Thumb Code     0  startup_stm32f103xb.o(.text)
    EXTI2_IRQHandler                         0x080001a3   Thumb Code     0  startup_stm32f103xb.o(.text)
    EXTI3_IRQHandler                         0x080001a3   Thumb Code     0  startup_stm32f103xb.o(.text)
    EXTI4_IRQHandler                         0x080001a3   Thumb Code     0  startup_stm32f103xb.o(.text)
    EXTI9_5_IRQHandler                       0x080001a3   Thumb Code     0  startup_stm32f103xb.o(.text)
    FLASH_IRQHandler                         0x080001a3   Thumb Code     0  startup_stm32f103xb.o(.text)
    I2C1_ER_IRQHandler                       0x080001a3   Thumb Code     0  startup_stm32f103xb.o(.text)
    I2C1_EV_IRQHandler                       0x080001a3   Thumb Code     0  startup_stm32f103xb.o(.text)
    I2C2_ER_IRQHandler                       0x080001a3   Thumb Code     0  startup_stm32f103xb.o(.text)
    I2C2_EV_IRQHandler                       0x080001a3   Thumb Code     0  startup_stm32f103xb.o(.text)
    PVD_IRQHandler                           0x080001a3   Thumb Code     0  startup_stm32f103xb.o(.text)
    RCC_IRQHandler                           0x080001a3   Thumb Code     0  startup_stm32f103xb.o(.text)
    RTC_Alarm_IRQHandler                     0x080001a3   Thumb Code     0  startup_stm32f103xb.o(.text)
    RTC_IRQHandler                           0x080001a3   Thumb Code     0  startup_stm32f103xb.o(.text)
    SPI1_IRQHandler                          0x080001a3   Thumb Code     0  startup_stm32f103xb.o(.text)
    SPI2_IRQHandler                          0x080001a3   Thumb Code     0  startup_stm32f103xb.o(.text)
    TAMPER_IRQHandler                        0x080001a3   Thumb Code     0  startup_stm32f103xb.o(.text)
    TIM1_BRK_IRQHandler                      0x080001a3   Thumb Code     0  startup_stm32f103xb.o(.text)
    TIM1_CC_IRQHandler                       0x080001a3   Thumb Code     0  startup_stm32f103xb.o(.text)
    TIM1_TRG_COM_IRQHandler                  0x080001a3   Thumb Code     0  startup_stm32f103xb.o(.text)
    TIM1_UP_IRQHandler                       0x080001a3   Thumb Code     0  startup_stm32f103xb.o(.text)
    TIM2_IRQHandler                          0x080001a3   Thumb Code     0  startup_stm32f103xb.o(.text)
    TIM3_IRQHandler                          0x080001a3   Thumb Code     0  startup_stm32f103xb.o(.text)
    TIM4_IRQHandler                          0x080001a3   Thumb Code     0  startup_stm32f103xb.o(.text)
    USART1_IRQHandler                        0x080001a3   Thumb Code     0  startup_stm32f103xb.o(.text)
    USART2_IRQHandler                        0x080001a3   Thumb Code     0  startup_stm32f103xb.o(.text)
    USART3_IRQHandler                        0x080001a3   Thumb Code     0  startup_stm32f103xb.o(.text)
    USBWakeUp_IRQHandler                     0x080001a3   Thumb Code     0  startup_stm32f103xb.o(.text)
    USB_HP_CAN1_TX_IRQHandler                0x080001a3   Thumb Code     0  startup_stm32f103xb.o(.text)
    USB_LP_CAN1_RX0_IRQHandler               0x080001a3   Thumb Code     0  startup_stm32f103xb.o(.text)
    WWDG_IRQHandler                          0x080001a3   Thumb Code     0  startup_stm32f103xb.o(.text)
    __user_initial_stackheap                 0x080001a5   Thumb Code     0  startup_stm32f103xb.o(.text)
    OS_CPU_SR_Save                           0x080001c9   Thumb Code     0  os_cpu_a.o(.text)
    OS_CPU_SR_Restore                        0x080001d1   Thumb Code     0  os_cpu_a.o(.text)
    OSStartHighRdy                           0x080001d7   Thumb Code     0  os_cpu_a.o(.text)
    OSCtxSw                                  0x080001f7   Thumb Code     0  os_cpu_a.o(.text)
    OSIntCtxSw                               0x08000201   Thumb Code     0  os_cpu_a.o(.text)
    PendSV_Handler                           0x0800020b   Thumb Code     0  os_cpu_a.o(.text)
    __aeabi_memclr                           0x0800026d   Thumb Code     0  rt_memclr.o(.text)
    __rt_memclr                              0x0800026d   Thumb Code     0  rt_memclr.o(.text)
    _memset                                  0x08000271   Thumb Code    64  rt_memclr.o(.text)
    __aeabi_memclr4                          0x080002b1   Thumb Code     0  rt_memclr_w.o(.text)
    __aeabi_memclr8                          0x080002b1   Thumb Code     0  rt_memclr_w.o(.text)
    __rt_memclr_w                            0x080002b1   Thumb Code     0  rt_memclr_w.o(.text)
    _memset_w                                0x080002b5   Thumb Code    74  rt_memclr_w.o(.text)
    __use_two_region_memory                  0x080002ff   Thumb Code     2  heapauxi.o(.text)
    __rt_heap_escrow$2region                 0x08000301   Thumb Code     2  heapauxi.o(.text)
    __rt_heap_expand$2region                 0x08000303   Thumb Code     2  heapauxi.o(.text)
    __user_setup_stackheap                   0x08000305   Thumb Code    74  sys_stackheap_outer.o(.text)
    exit                                     0x0800034f   Thumb Code    18  exit.o(.text)
    __user_libspace                          0x08000361   Thumb Code     8  libspace.o(.text)
    __user_perproc_libspace                  0x08000361   Thumb Code     0  libspace.o(.text)
    __user_perthread_libspace                0x08000361   Thumb Code     0  libspace.o(.text)
    _sys_exit                                0x08000369   Thumb Code     8  sys_exit.o(.text)
    __I$use$semihosting                      0x08000375   Thumb Code     0  use_no_semi.o(.text)
    __use_no_semihosting_swi                 0x08000375   Thumb Code     2  use_no_semi.o(.text)
    __semihosting_library_function           0x08000377   Thumb Code     0  indicate_semi.o(.text)
    BusFault_Handler                         0x08000379   Thumb Code     2  stm32f1xx_it.o(.text.BusFault_Handler)
    DebugMon_Handler                         0x0800037d   Thumb Code     2  stm32f1xx_it.o(.text.DebugMon_Handler)
    HAL_GPIO_Init                            0x08000381   Thumb Code   538  stm32f1xx_hal_gpio.o(.text.HAL_GPIO_Init)
    HAL_GPIO_TogglePin                       0x0800059d   Thumb Code    16  stm32f1xx_hal_gpio.o(.text.HAL_GPIO_TogglePin)
    HAL_GPIO_WritePin                        0x080005ad   Thumb Code    10  stm32f1xx_hal_gpio.o(.text.HAL_GPIO_WritePin)
    HAL_GetTick                              0x080005b9   Thumb Code    12  stm32f1xx_hal.o(.text.HAL_GetTick)
    HAL_IncTick                              0x080005c5   Thumb Code    26  stm32f1xx_hal.o(.text.HAL_IncTick)
    HAL_Init                                 0x080005e1   Thumb Code    38  stm32f1xx_hal.o(.text.HAL_Init)
    HAL_InitTick                             0x08000609   Thumb Code    70  bsp_systick.o(.text.HAL_InitTick)
    HAL_MspInit                              0x08000651   Thumb Code    66  stm32f1xx_hal_msp.o(.text.HAL_MspInit)
    HAL_NVIC_SetPriority                     0x08000695   Thumb Code    86  stm32f1xx_hal_cortex.o(.text.HAL_NVIC_SetPriority)
    HAL_NVIC_SetPriorityGrouping             0x080006ed   Thumb Code    32  stm32f1xx_hal_cortex.o(.text.HAL_NVIC_SetPriorityGrouping)
    HAL_RCC_ClockConfig                      0x0800070d   Thumb Code   446  stm32f1xx_hal_rcc.o(.text.HAL_RCC_ClockConfig)
    HAL_RCC_OscConfig                        0x080008cd   Thumb Code   948  stm32f1xx_hal_rcc.o(.text.HAL_RCC_OscConfig)
    HAL_SYSTICK_Config                       0x08000c81   Thumb Code    44  stm32f1xx_hal_cortex.o(.text.HAL_SYSTICK_Config)
    HardFault_Handler                        0x08000cad   Thumb Code     2  stm32f1xx_it.o(.text.HardFault_Handler)
    LED1_task                                0x08000cb1   Thumb Code    60  app.o(.text.LED1_task)
    LED2_task                                0x08000ced   Thumb Code    24  app.o(.text.LED2_task)
    LED3_task                                0x08000d05   Thumb Code    24  app.o(.text.LED3_task)
    MX_GPIO_Init                             0x08000d1d   Thumb Code   116  gpio.o(.text.MX_GPIO_Init)
    MemManage_Handler                        0x08000d91   Thumb Code     2  stm32f1xx_it.o(.text.MemManage_Handler)
    NMI_Handler                              0x08000d95   Thumb Code     2  stm32f1xx_it.o(.text.NMI_Handler)
    OSFlagCreate                             0x08000d99   Thumb Code    88  os_flag.o(.text.OSFlagCreate)
    OSFlagPend                               0x08000df1   Thumb Code   468  os_flag.o(.text.OSFlagPend)
    OSInit                                   0x08000fc5   Thumb Code   552  os_core.o(.text.OSInit)
    OSInitHookBegin                          0x0800120d   Thumb Code     2  os_cpu_c.o(.text.OSInitHookBegin)
    OSInitHookEnd                            0x08001211   Thumb Code     2  os_cpu_c.o(.text.OSInitHookEnd)
    OSIntEnter                               0x08001215   Thumb Code    28  os_core.o(.text.OSIntEnter)
    OSIntExit                                0x08001231   Thumb Code   138  os_core.o(.text.OSIntExit)
    OSStart                                  0x080012bd   Thumb Code    66  os_core.o(.text.OSStart)
    OSTCBInitHook                            0x08001301   Thumb Code     2  os_cpu_c.o(.text.OSTCBInitHook)
    OSTaskCreate                             0x08001305   Thumb Code   168  os_task.o(.text.OSTaskCreate)
    OSTaskCreateExt                          0x080013ad   Thumb Code   208  os_task.o(.text.OSTaskCreateExt)
    OSTaskCreateHook                         0x0800147d   Thumb Code     2  os_cpu_c.o(.text.OSTaskCreateHook)
    OSTaskIdleHook                           0x08001481   Thumb Code     2  os_cpu_c.o(.text.OSTaskIdleHook)
    OSTaskNameSet                            0x08001485   Thumb Code   116  os_task.o(.text.OSTaskNameSet)
    OSTaskStatHook                           0x080014f9   Thumb Code     2  os_cpu_c.o(.text.OSTaskStatHook)
    OSTaskStkChk                             0x080014fd   Thumb Code   148  os_task.o(.text.OSTaskStkChk)
    OSTaskStkInit                            0x08001591   Thumb Code    98  os_cpu_c.o(.text.OSTaskStkInit)
    OSTaskSuspend                            0x080015f5   Thumb Code   166  os_task.o(.text.OSTaskSuspend)
    OSTaskSwHook                             0x0800169d   Thumb Code     2  os_cpu_c.o(.text.OSTaskSwHook)
    OSTimeDly                                0x080016a1   Thumb Code   122  os_time.o(.text.OSTimeDly)
    OSTimeTick                               0x0800171d   Thumb Code   158  os_core.o(.text.OSTimeTick)
    OSTimeTickHook                           0x080017bd   Thumb Code     2  os_cpu_c.o(.text.OSTimeTickHook)
    OS_FlagInit                              0x08001839   Thumb Code    86  os_flag.o(.text.OS_FlagInit)
    OS_MemClr                                0x08001891   Thumb Code    14  os_core.o(.text.OS_MemClr)
    OS_MemInit                               0x080018a1   Thumb Code    78  os_mem.o(.text.OS_MemInit)
    OS_QInit                                 0x080018f1   Thumb Code    52  os_q.o(.text.OS_QInit)
    OS_Sched                                 0x08001925   Thumb Code    98  os_core.o(.text.OS_Sched)
    OS_StrCopy                               0x08001989   Thumb Code   128  os_core.o(.text.OS_StrCopy)
    OS_StrLen                                0x08001a09   Thumb Code    72  os_core.o(.text.OS_StrLen)
    OS_TCBInit                               0x08001a51   Thumb Code   242  os_core.o(.text.OS_TCBInit)
    OS_TaskIdle                              0x08001b45   Thumb Code    28  os_core.o(.text.OS_TaskIdle)
    OS_TaskStat                              0x08001b61   Thumb Code   158  os_core.o(.text.OS_TaskStat)
    SVC_Handler                              0x08001c01   Thumb Code     2  stm32f1xx_it.o(.text.SVC_Handler)
    SysTick_Handler                          0x08001c05   Thumb Code    38  stm32f1xx_it.o(.text.SysTick_Handler)
    SystemInit                               0x08001c2d   Thumb Code     2  system_stm32f1xx.o(.text.SystemInit)
    UsageFault_Handler                       0x08001c31   Thumb Code     2  stm32f1xx_it.o(.text.UsageFault_Handler)
    app_main                                 0x08001c35   Thumb Code    58  app.o(.text.app_main)
    main                                     0x08001c71   Thumb Code   106  main.o(.text.main)
    start_task                               0x08001cdd   Thumb Code   108  app.o(.text.start_task)
    AHBPrescTable                            0x08001d48   Data          16  system_stm32f1xx.o(.rodata.AHBPrescTable)
    OSUnMapTbl                               0x08001d5a   Data         256  os_core.o(.rodata.OSUnMapTbl)
    Region$$Table$$Base                      0x08001e6c   Number         0  anon$$obj.o(Region$$Table)
    Region$$Table$$Limit                     0x08001e8c   Number         0  anon$$obj.o(Region$$Table)
    uwTickFreq                               0x20000000   Data           1  stm32f1xx_hal.o(.data..L_MergedGlobals)
    uwTickPrio                               0x20000004   Data           4  stm32f1xx_hal.o(.data..L_MergedGlobals)
    SystemCoreClock                          0x20000008   Data           4  system_stm32f1xx.o(.data.SystemCoreClock)
    __libspace_start                         0x20000010   Data          96  libspace.o(.bss)
    __temporary_stack_top$libspace           0x20000070   Data           0  libspace.o(.bss)
    err                                      0x20000070   Data           1  app.o(.bss..L_MergedGlobals)
    init_flag                                0x20000072   Data           2  app.o(.bss..L_MergedGlobals)
    initflag                                 0x20000074   Data           4  app.o(.bss..L_MergedGlobals)
    k1                                       0x20000078   Data           4  app.o(.bss..L_MergedGlobals)
    OSIntNesting                             0x2000007c   Data           1  os_core.o(.bss..L_MergedGlobals)
    OSLockNesting                            0x2000007d   Data           1  os_core.o(.bss..L_MergedGlobals)
    OSRunning                                0x2000007e   Data           1  os_core.o(.bss..L_MergedGlobals)
    OSPrioHighRdy                            0x2000007f   Data           1  os_core.o(.bss..L_MergedGlobals)
    OSPrioCur                                0x20000080   Data           1  os_core.o(.bss..L_MergedGlobals)
    OSStatRdy                                0x20000081   Data           1  os_core.o(.bss..L_MergedGlobals)
    OSTickStepState                          0x20000082   Data           1  os_core.o(.bss..L_MergedGlobals)
    OSRdyGrp                                 0x20000083   Data           1  os_core.o(.bss..L_MergedGlobals)
    OSCPUUsage                               0x20000084   Data           1  os_core.o(.bss..L_MergedGlobals)
    OSTaskCtr                                0x20000085   Data           1  os_core.o(.bss..L_MergedGlobals)
    OSTCBCur                                 0x20000088   Data           4  os_core.o(.bss..L_MergedGlobals)
    OSTCBHighRdy                             0x2000008c   Data           4  os_core.o(.bss..L_MergedGlobals)
    OSCtxSwCtr                               0x20000090   Data           4  os_core.o(.bss..L_MergedGlobals)
    OSIdleCtr                                0x20000094   Data           4  os_core.o(.bss..L_MergedGlobals)
    OSIdleCtrMax                             0x20000098   Data           4  os_core.o(.bss..L_MergedGlobals)
    OSTime                                   0x2000009c   Data           4  os_core.o(.bss..L_MergedGlobals)
    OSTCBList                                0x200000a0   Data           4  os_core.o(.bss..L_MergedGlobals)
    OSRdyTbl                                 0x200000a4   Data           4  os_core.o(.bss..L_MergedGlobals)
    OSIdleCtrRun                             0x200000a8   Data           4  os_core.o(.bss..L_MergedGlobals)
    OSTCBFreeList                            0x200000ac   Data           4  os_core.o(.bss..L_MergedGlobals)
    OSEventFreeList                          0x200000b0   Data           4  os_core.o(.bss..L_MergedGlobals)
    LED1_Task_STK                            0x200000b4   Data         256  app.o(.bss.LED1_Task_STK)
    LED2_Task_STK                            0x200001b4   Data         256  app.o(.bss.LED2_Task_STK)
    LED3_Task_STK                            0x200002b4   Data         256  app.o(.bss.LED3_Task_STK)
    OSEventTbl                               0x200003b4   Data         320  os_core.o(.bss.OSEventTbl)
    OSFlagFreeList                           0x200004f4   Data           4  os_core.o(.bss.OSFlagFreeList)
    OSFlagTbl                                0x200004f8   Data         140  os_core.o(.bss.OSFlagTbl)
    OSMemFreeList                            0x20000584   Data           4  os_core.o(.bss.OSMemFreeList)
    OSMemTbl                                 0x20000588   Data         180  os_core.o(.bss.OSMemTbl)
    OSQFreeList                              0x2000063c   Data           4  os_core.o(.bss.OSQFreeList)
    OSQTbl                                   0x20000640   Data          96  os_core.o(.bss.OSQTbl)
    OSTCBPrioTbl                             0x200006a0   Data         128  os_core.o(.bss.OSTCBPrioTbl)
    OSTCBTbl                                 0x20000720   Data        1656  os_core.o(.bss.OSTCBTbl)
    OSTaskIdleStk                            0x20000d98   Data         512  os_core.o(.bss.OSTaskIdleStk)
    OSTaskStatStk                            0x20000f98   Data         512  os_core.o(.bss.OSTaskStatStk)
    Start_Task_STK                           0x20001198   Data         256  app.o(.bss.Start_Task_STK)
    k2                                       0x20001298   Data           4  app.o(.bss.k2)
    k3                                       0x2000129c   Data           4  app.o(.bss.k3)
    uwTick                                   0x200012a0   Data           4  stm32f1xx_hal.o(.bss.uwTick)



==============================================================================

Memory Map of the image

  Image Entry point : 0x080000ed

  Load Region LR_IROM1 (Base: 0x08000000, Size: 0x00001ea0, Max: 0x00010000, ABSOLUTE)

    Execution Region ER_IROM1 (Exec base: 0x08000000, Load base: 0x08000000, Size: 0x00001e8c, Max: 0x00010000, ABSOLUTE)

    Exec Addr    Load Addr    Size         Type   Attr      Idx    E Section Name        Object

    0x08000000   0x08000000   0x000000ec   Data   RO            3    RESET               startup_stm32f103xb.o
    0x080000ec   0x080000ec   0x00000008   Code   RO          894  * !!!main             c_w.l(__main.o)
    0x080000f4   0x080000f4   0x00000034   Code   RO         1059    !!!scatter          c_w.l(__scatter.o)
    0x08000128   0x08000128   0x0000001a   Code   RO         1061    !!handler_copy      c_w.l(__scatter_copy.o)
    0x08000142   0x08000142   0x00000002   PAD
    0x08000144   0x08000144   0x0000001c   Code   RO         1063    !!handler_zi        c_w.l(__scatter_zi.o)
    0x08000160   0x08000160   0x00000002   Code   RO          921    .ARM.Collect$$libinit$$00000000  c_w.l(libinit.o)
    0x08000162   0x08000162   0x00000000   Code   RO          928    .ARM.Collect$$libinit$$00000002  c_w.l(libinit2.o)
    0x08000162   0x08000162   0x00000000   Code   RO          930    .ARM.Collect$$libinit$$00000004  c_w.l(libinit2.o)
    0x08000162   0x08000162   0x00000000   Code   RO          932    .ARM.Collect$$libinit$$00000006  c_w.l(libinit2.o)
    0x08000162   0x08000162   0x00000000   Code   RO          935    .ARM.Collect$$libinit$$0000000C  c_w.l(libinit2.o)
    0x08000162   0x08000162   0x00000000   Code   RO          937    .ARM.Collect$$libinit$$0000000E  c_w.l(libinit2.o)
    0x08000162   0x08000162   0x00000000   Code   RO          939    .ARM.Collect$$libinit$$00000010  c_w.l(libinit2.o)
    0x08000162   0x08000162   0x00000000   Code   RO          942    .ARM.Collect$$libinit$$00000013  c_w.l(libinit2.o)
    0x08000162   0x08000162   0x00000000   Code   RO          944    .ARM.Collect$$libinit$$00000015  c_w.l(libinit2.o)
    0x08000162   0x08000162   0x00000000   Code   RO          946    .ARM.Collect$$libinit$$00000017  c_w.l(libinit2.o)
    0x08000162   0x08000162   0x00000000   Code   RO          948    .ARM.Collect$$libinit$$00000019  c_w.l(libinit2.o)
    0x08000162   0x08000162   0x00000000   Code   RO          950    .ARM.Collect$$libinit$$0000001B  c_w.l(libinit2.o)
    0x08000162   0x08000162   0x00000000   Code   RO          952    .ARM.Collect$$libinit$$0000001D  c_w.l(libinit2.o)
    0x08000162   0x08000162   0x00000000   Code   RO          954    .ARM.Collect$$libinit$$0000001F  c_w.l(libinit2.o)
    0x08000162   0x08000162   0x00000000   Code   RO          956    .ARM.Collect$$libinit$$00000021  c_w.l(libinit2.o)
    0x08000162   0x08000162   0x00000000   Code   RO          958    .ARM.Collect$$libinit$$00000023  c_w.l(libinit2.o)
    0x08000162   0x08000162   0x00000000   Code   RO          960    .ARM.Collect$$libinit$$00000025  c_w.l(libinit2.o)
    0x08000162   0x08000162   0x00000000   Code   RO          962    .ARM.Collect$$libinit$$00000027  c_w.l(libinit2.o)
    0x08000162   0x08000162   0x00000000   Code   RO          966    .ARM.Collect$$libinit$$0000002E  c_w.l(libinit2.o)
    0x08000162   0x08000162   0x00000000   Code   RO          968    .ARM.Collect$$libinit$$00000030  c_w.l(libinit2.o)
    0x08000162   0x08000162   0x00000000   Code   RO          970    .ARM.Collect$$libinit$$00000032  c_w.l(libinit2.o)
    0x08000162   0x08000162   0x00000000   Code   RO          972    .ARM.Collect$$libinit$$00000034  c_w.l(libinit2.o)
    0x08000162   0x08000162   0x00000002   Code   RO          973    .ARM.Collect$$libinit$$00000035  c_w.l(libinit2.o)
    0x08000164   0x08000164   0x00000002   Code   RO          995    .ARM.Collect$$libshutdown$$00000000  c_w.l(libshutdown.o)
    0x08000166   0x08000166   0x00000000   Code   RO         1010    .ARM.Collect$$libshutdown$$00000002  c_w.l(libshutdown2.o)
    0x08000166   0x08000166   0x00000000   Code   RO         1012    .ARM.Collect$$libshutdown$$00000004  c_w.l(libshutdown2.o)
    0x08000166   0x08000166   0x00000000   Code   RO         1015    .ARM.Collect$$libshutdown$$00000007  c_w.l(libshutdown2.o)
    0x08000166   0x08000166   0x00000000   Code   RO         1018    .ARM.Collect$$libshutdown$$0000000A  c_w.l(libshutdown2.o)
    0x08000166   0x08000166   0x00000000   Code   RO         1020    .ARM.Collect$$libshutdown$$0000000C  c_w.l(libshutdown2.o)
    0x08000166   0x08000166   0x00000000   Code   RO         1023    .ARM.Collect$$libshutdown$$0000000F  c_w.l(libshutdown2.o)
    0x08000166   0x08000166   0x00000002   Code   RO         1024    .ARM.Collect$$libshutdown$$00000010  c_w.l(libshutdown2.o)
    0x08000168   0x08000168   0x00000000   Code   RO          896    .ARM.Collect$$rtentry$$00000000  c_w.l(__rtentry.o)
    0x08000168   0x08000168   0x00000000   Code   RO          898    .ARM.Collect$$rtentry$$00000002  c_w.l(__rtentry2.o)
    0x08000168   0x08000168   0x00000006   Code   RO          910    .ARM.Collect$$rtentry$$00000004  c_w.l(__rtentry4.o)
    0x0800016e   0x0800016e   0x00000000   Code   RO          900    .ARM.Collect$$rtentry$$00000009  c_w.l(__rtentry2.o)
    0x0800016e   0x0800016e   0x00000004   Code   RO          901    .ARM.Collect$$rtentry$$0000000A  c_w.l(__rtentry2.o)
    0x08000172   0x08000172   0x00000000   Code   RO          903    .ARM.Collect$$rtentry$$0000000C  c_w.l(__rtentry2.o)
    0x08000172   0x08000172   0x00000008   Code   RO          904    .ARM.Collect$$rtentry$$0000000D  c_w.l(__rtentry2.o)
    0x0800017a   0x0800017a   0x00000002   Code   RO          925    .ARM.Collect$$rtexit$$00000000  c_w.l(rtexit.o)
    0x0800017c   0x0800017c   0x00000000   Code   RO          975    .ARM.Collect$$rtexit$$00000002  c_w.l(rtexit2.o)
    0x0800017c   0x0800017c   0x00000004   Code   RO          976    .ARM.Collect$$rtexit$$00000003  c_w.l(rtexit2.o)
    0x08000180   0x08000180   0x00000006   Code   RO          977    .ARM.Collect$$rtexit$$00000004  c_w.l(rtexit2.o)
    0x08000186   0x08000186   0x00000002   PAD
    0x08000188   0x08000188   0x00000040   Code   RO            4    .text               startup_stm32f103xb.o
    0x080001c8   0x080001c8   0x000000a4   Code   RO          847    .text               os_cpu_a.o
    0x0800026c   0x0800026c   0x00000044   Code   RO          888    .text               c_w.l(rt_memclr.o)
    0x080002b0   0x080002b0   0x0000004e   Code   RO          890    .text               c_w.l(rt_memclr_w.o)
    0x080002fe   0x080002fe   0x00000006   Code   RO          892    .text               c_w.l(heapauxi.o)
    0x08000304   0x08000304   0x0000004a   Code   RO          912    .text               c_w.l(sys_stackheap_outer.o)
    0x0800034e   0x0800034e   0x00000012   Code   RO          914    .text               c_w.l(exit.o)
    0x08000360   0x08000360   0x00000008   Code   RO          922    .text               c_w.l(libspace.o)
    0x08000368   0x08000368   0x0000000c   Code   RO          985    .text               c_w.l(sys_exit.o)
    0x08000374   0x08000374   0x00000002   Code   RO         1000    .text               c_w.l(use_no_semi.o)
    0x08000376   0x08000376   0x00000000   Code   RO         1002    .text               c_w.l(indicate_semi.o)
    0x08000376   0x08000376   0x00000002   PAD
    0x08000378   0x08000378   0x00000002   Code   RO           40    .text.BusFault_Handler  stm32f1xx_it.o
    0x0800037a   0x0800037a   0x00000002   PAD
    0x0800037c   0x0800037c   0x00000002   Code   RO           46    .text.DebugMon_Handler  stm32f1xx_it.o
    0x0800037e   0x0800037e   0x00000002   PAD
    0x08000380   0x08000380   0x0000021a   Code   RO          192    .text.HAL_GPIO_Init  stm32f1xx_hal_gpio.o
    0x0800059a   0x0800059a   0x00000002   PAD
    0x0800059c   0x0800059c   0x00000010   Code   RO          200    .text.HAL_GPIO_TogglePin  stm32f1xx_hal_gpio.o
    0x080005ac   0x080005ac   0x0000000a   Code   RO          198    .text.HAL_GPIO_WritePin  stm32f1xx_hal_gpio.o
    0x080005b6   0x080005b6   0x00000002   PAD
    0x080005b8   0x080005b8   0x0000000c   Code   RO           92    .text.HAL_GetTick   stm32f1xx_hal.o
    0x080005c4   0x080005c4   0x0000001a   Code   RO           90    .text.HAL_IncTick   stm32f1xx_hal.o
    0x080005de   0x080005de   0x00000002   PAD
    0x080005e0   0x080005e0   0x00000026   Code   RO           80    .text.HAL_Init      stm32f1xx_hal.o
    0x08000606   0x08000606   0x00000002   PAD
    0x08000608   0x08000608   0x00000046   Code   RO          429    .text.HAL_InitTick  bsp_systick.o
    0x0800064e   0x0800064e   0x00000002   PAD
    0x08000650   0x08000650   0x00000042   Code   RO           57    .text.HAL_MspInit   stm32f1xx_hal_msp.o
    0x08000692   0x08000692   0x00000002   PAD
    0x08000694   0x08000694   0x00000056   Code   RO          250    .text.HAL_NVIC_SetPriority  stm32f1xx_hal_cortex.o
    0x080006ea   0x080006ea   0x00000002   PAD
    0x080006ec   0x080006ec   0x00000020   Code   RO          248    .text.HAL_NVIC_SetPriorityGrouping  stm32f1xx_hal_cortex.o
    0x0800070c   0x0800070c   0x000001be   Code   RO          144    .text.HAL_RCC_ClockConfig  stm32f1xx_hal_rcc.o
    0x080008ca   0x080008ca   0x00000002   PAD
    0x080008cc   0x080008cc   0x000003b4   Code   RO          142    .text.HAL_RCC_OscConfig  stm32f1xx_hal_rcc.o
    0x08000c80   0x08000c80   0x0000002c   Code   RO          260    .text.HAL_SYSTICK_Config  stm32f1xx_hal_cortex.o
    0x08000cac   0x08000cac   0x00000002   Code   RO           36    .text.HardFault_Handler  stm32f1xx_it.o
    0x08000cae   0x08000cae   0x00000002   PAD
    0x08000cb0   0x08000cb0   0x0000003c   Code   RO          440    .text.LED1_task     app.o
    0x08000cec   0x08000cec   0x00000018   Code   RO          442    .text.LED2_task     app.o
    0x08000d04   0x08000d04   0x00000018   Code   RO          444    .text.LED3_task     app.o
    0x08000d1c   0x08000d1c   0x00000074   Code   RO           25    .text.MX_GPIO_Init  gpio.o
    0x08000d90   0x08000d90   0x00000002   Code   RO           38    .text.MemManage_Handler  stm32f1xx_it.o
    0x08000d92   0x08000d92   0x00000002   PAD
    0x08000d94   0x08000d94   0x00000002   Code   RO           34    .text.NMI_Handler   stm32f1xx_it.o
    0x08000d96   0x08000d96   0x00000002   PAD
    0x08000d98   0x08000d98   0x00000058   Code   RO          645    .text.OSFlagCreate  os_flag.o
    0x08000df0   0x08000df0   0x000001d4   Code   RO          653    .text.OSFlagPend    os_flag.o
    0x08000fc4   0x08000fc4   0x00000248   Code   RO          582    .text.OSInit        os_core.o
    0x0800120c   0x0800120c   0x00000002   Code   RO          851    .text.OSInitHookBegin  os_cpu_c.o
    0x0800120e   0x0800120e   0x00000002   PAD
    0x08001210   0x08001210   0x00000002   Code   RO          853    .text.OSInitHookEnd  os_cpu_c.o
    0x08001212   0x08001212   0x00000002   PAD
    0x08001214   0x08001214   0x0000001c   Code   RO          584    .text.OSIntEnter    os_core.o
    0x08001230   0x08001230   0x0000008a   Code   RO          586    .text.OSIntExit     os_core.o
    0x080012ba   0x080012ba   0x00000002   PAD
    0x080012bc   0x080012bc   0x00000042   Code   RO          592    .text.OSStart       os_core.o
    0x080012fe   0x080012fe   0x00000002   PAD
    0x08001300   0x08001300   0x00000002   Code   RO          867    .text.OSTCBInitHook  os_cpu_c.o
    0x08001302   0x08001302   0x00000002   PAD
    0x08001304   0x08001304   0x000000a8   Code   RO          799    .text.OSTaskCreate  os_task.o
    0x080013ac   0x080013ac   0x000000d0   Code   RO          801    .text.OSTaskCreateExt  os_task.o
    0x0800147c   0x0800147c   0x00000002   Code   RO          855    .text.OSTaskCreateHook  os_cpu_c.o
    0x0800147e   0x0800147e   0x00000002   PAD
    0x08001480   0x08001480   0x00000002   Code   RO          859    .text.OSTaskIdleHook  os_cpu_c.o
    0x08001482   0x08001482   0x00000002   PAD
    0x08001484   0x08001484   0x00000074   Code   RO          811    .text.OSTaskNameSet  os_task.o
    0x080014f8   0x080014f8   0x00000002   Code   RO          861    .text.OSTaskStatHook  os_cpu_c.o
    0x080014fa   0x080014fa   0x00000002   PAD
    0x080014fc   0x080014fc   0x00000094   Code   RO          815    .text.OSTaskStkChk  os_task.o
    0x08001590   0x08001590   0x00000062   Code   RO          863    .text.OSTaskStkInit  os_cpu_c.o
    0x080015f2   0x080015f2   0x00000002   PAD
    0x080015f4   0x080015f4   0x000000a6   Code   RO          817    .text.OSTaskSuspend  os_task.o
    0x0800169a   0x0800169a   0x00000002   PAD
    0x0800169c   0x0800169c   0x00000002   Code   RO          865    .text.OSTaskSwHook  os_cpu_c.o
    0x0800169e   0x0800169e   0x00000002   PAD
    0x080016a0   0x080016a0   0x0000007a   Code   RO          829    .text.OSTimeDly     os_time.o
    0x0800171a   0x0800171a   0x00000002   PAD
    0x0800171c   0x0800171c   0x0000009e   Code   RO          596    .text.OSTimeTick    os_core.o
    0x080017ba   0x080017ba   0x00000002   PAD
    0x080017bc   0x080017bc   0x00000002   Code   RO          869    .text.OSTimeTickHook  os_cpu_c.o
    0x080017be   0x080017be   0x00000002   PAD
    0x080017c0   0x080017c0   0x00000076   Code   RO          655    .text.OS_FlagBlock  os_flag.o
    0x08001836   0x08001836   0x00000002   PAD
    0x08001838   0x08001838   0x00000056   Code   RO          665    .text.OS_FlagInit   os_flag.o
    0x0800188e   0x0800188e   0x00000002   PAD
    0x08001890   0x08001890   0x0000000e   Code   RO          610    .text.OS_MemClr     os_core.o
    0x0800189e   0x0800189e   0x00000002   PAD
    0x080018a0   0x080018a0   0x0000004e   Code   RO          711    .text.OS_MemInit    os_mem.o
    0x080018ee   0x080018ee   0x00000002   PAD
    0x080018f0   0x080018f0   0x00000034   Code   RO          763    .text.OS_QInit      os_q.o
    0x08001924   0x08001924   0x00000062   Code   RO          578    .text.OS_Sched      os_core.o
    0x08001986   0x08001986   0x00000002   PAD
    0x08001988   0x08001988   0x00000080   Code   RO          568    .text.OS_StrCopy    os_core.o
    0x08001a08   0x08001a08   0x00000048   Code   RO          572    .text.OS_StrLen     os_core.o
    0x08001a50   0x08001a50   0x000000f2   Code   RO          620    .text.OS_TCBInit    os_core.o
    0x08001b42   0x08001b42   0x00000002   PAD
    0x08001b44   0x08001b44   0x0000001c   Code   RO          614    .text.OS_TaskIdle   os_core.o
    0x08001b60   0x08001b60   0x0000009e   Code   RO          616    .text.OS_TaskStat   os_core.o
    0x08001bfe   0x08001bfe   0x00000002   PAD
    0x08001c00   0x08001c00   0x00000002   Code   RO           44    .text.SVC_Handler   stm32f1xx_it.o
    0x08001c02   0x08001c02   0x00000002   PAD
    0x08001c04   0x08001c04   0x00000026   Code   RO           48    .text.SysTick_Handler  stm32f1xx_it.o
    0x08001c2a   0x08001c2a   0x00000002   PAD
    0x08001c2c   0x08001c2c   0x00000002   Code   RO          413    .text.SystemInit    system_stm32f1xx.o
    0x08001c2e   0x08001c2e   0x00000002   PAD
    0x08001c30   0x08001c30   0x00000002   Code   RO           42    .text.UsageFault_Handler  stm32f1xx_it.o
    0x08001c32   0x08001c32   0x00000002   PAD
    0x08001c34   0x08001c34   0x0000003a   Code   RO          446    .text.app_main      app.o
    0x08001c6e   0x08001c6e   0x00000002   PAD
    0x08001c70   0x08001c70   0x0000006a   Code   RO           11    .text.main          main.o
    0x08001cda   0x08001cda   0x00000002   PAD
    0x08001cdc   0x08001cdc   0x0000006c   Code   RO          438    .text.start_task    app.o
    0x08001d48   0x08001d48   0x00000010   Data   RO          418    .rodata.AHBPrescTable  system_stm32f1xx.o
    0x08001d58   0x08001d58   0x00000002   Data   RO          169    .rodata.HAL_RCC_GetSysClockFreq.aPredivFactorTable  stm32f1xx_hal_rcc.o
    0x08001d5a   0x08001d5a   0x00000100   Data   RO          622    .rodata.OSUnMapTbl  os_core.o
    0x08001e5a   0x08001e5a   0x00000010   Data   RO          168    .rodata.cst16       stm32f1xx_hal_rcc.o
    0x08001e6a   0x08001e6a   0x00000002   PAD
    0x08001e6c   0x08001e6c   0x00000020   Data   RO         1058    Region$$Table       anon$$obj.o


    Execution Region RW_IRAM1 (Exec base: 0x20000000, Load base: 0x08001e90, Size: 0x000018a8, Max: 0x00005000, ABSOLUTE)

    Exec Addr    Load Addr    Size         Type   Attr      Idx    E Section Name        Object

    0x20000000   0x08001e90   0x00000008   Data   RW          131    .data..L_MergedGlobals  stm32f1xx_hal.o
    0x20000008   0x08001e98   0x00000004   Data   RW          417    .data.SystemCoreClock  system_stm32f1xx.o
    0x2000000c   0x08001e9c   0x00000004   PAD
    0x20000010        -       0x00000060   Zero   RW          923    .bss                c_w.l(libspace.o)
    0x20000070        -       0x0000000c   Zero   RW          454    .bss..L_MergedGlobals  app.o
    0x2000007c        -       0x00000038   Zero   RW          634    .bss..L_MergedGlobals  os_core.o
    0x200000b4        -       0x00000100   Zero   RW          448    .bss.LED1_Task_STK  app.o
    0x200001b4        -       0x00000100   Zero   RW          449    .bss.LED2_Task_STK  app.o
    0x200002b4        -       0x00000100   Zero   RW          450    .bss.LED3_Task_STK  app.o
    0x200003b4        -       0x00000140   Zero   RW          624    .bss.OSEventTbl     os_core.o
    0x200004f4        -       0x00000004   Zero   RW          626    .bss.OSFlagFreeList  os_core.o
    0x200004f8        -       0x0000008c   Zero   RW          625    .bss.OSFlagTbl      os_core.o
    0x20000584        -       0x00000004   Zero   RW          630    .bss.OSMemFreeList  os_core.o
    0x20000588        -       0x000000b4   Zero   RW          631    .bss.OSMemTbl       os_core.o
    0x2000063c        -       0x00000004   Zero   RW          632    .bss.OSQFreeList    os_core.o
    0x20000640        -       0x00000060   Zero   RW          633    .bss.OSQTbl         os_core.o
    0x200006a0        -       0x00000080   Zero   RW          623    .bss.OSTCBPrioTbl   os_core.o
    0x20000720        -       0x00000678   Zero   RW          629    .bss.OSTCBTbl       os_core.o
    0x20000d98        -       0x00000200   Zero   RW          628    .bss.OSTaskIdleStk  os_core.o
    0x20000f98        -       0x00000200   Zero   RW          627    .bss.OSTaskStatStk  os_core.o
    0x20001198        -       0x00000100   Zero   RW          451    .bss.Start_Task_STK  app.o
    0x20001298        -       0x00000004   Zero   RW          452    .bss.k2             app.o
    0x2000129c        -       0x00000004   Zero   RW          453    .bss.k3             app.o
    0x200012a0        -       0x00000004   Zero   RW          130    .bss.uwTick         stm32f1xx_hal.o
    0x200012a4   0x08001e9c   0x00000004   PAD
    0x200012a8        -       0x00000200   Zero   RW            2    HEAP                startup_stm32f103xb.o
    0x200014a8        -       0x00000400   Zero   RW            1    STACK               startup_stm32f103xb.o


==============================================================================

Image component sizes


      Code (inc. data)   RO Data    RW Data    ZI Data      Debug   Object Name

       274          0          0          0       1044       2136   app.o
        70          0          0          0          0       1928   bsp_systick.o
       116          0          0          0          0       1531   gpio.o
       106          0          0          0          0       1880   main.o
      1714         32        256          0       3612      19687   os_core.o
       164         32          0          0          0        308   os_cpu_a.o
       114          0          0          0          0       3407   os_cpu_c.o
       760          6          0          0          0      11104   os_flag.o
        78          0          0          0          0       4400   os_mem.o
        52          0          0          0          0       7452   os_q.o
       806          0          0          0          0       9709   os_task.o
       122          0          0          0          0       4528   os_time.o
        64         26        236          0       1536        796   startup_stm32f103xb.o
        76          0          0          8          4       5743   stm32f1xx_hal.o
       162          0          0          0          0       8501   stm32f1xx_hal_cortex.o
       564         22          0          0          0       4571   stm32f1xx_hal_gpio.o
        66          0          0          0          0       1197   stm32f1xx_hal_msp.o
      1394          0         18          0          0       7673   stm32f1xx_hal_rcc.o
        52          0          0          0          0       1505   stm32f1xx_it.o
         2          0         16          4          0       1623   system_stm32f1xx.o

    ----------------------------------------------------------------------
      6836        118        560         12       6204      99679   Object Totals
         0          0         32          0          0          0   (incl. Generated)
        80          0          2          0          8          0   (incl. Padding)

    ----------------------------------------------------------------------

      Code (inc. data)   RO Data    RW Data    ZI Data      Debug   Library Member Name

         8          0          0          0          0         68   __main.o
         0          0          0          0          0          0   __rtentry.o
        12          0          0          0          0          0   __rtentry2.o
         6          0          0          0          0          0   __rtentry4.o
        52          8          0          0          0          0   __scatter.o
        26          0          0          0          0          0   __scatter_copy.o
        28          0          0          0          0          0   __scatter_zi.o
        18          0          0          0          0         80   exit.o
         6          0          0          0          0        152   heapauxi.o
         0          0          0          0          0          0   indicate_semi.o
         2          0          0          0          0          0   libinit.o
         2          0          0          0          0          0   libinit2.o
         2          0          0          0          0          0   libshutdown.o
         2          0          0          0          0          0   libshutdown2.o
         8          4          0          0         96         68   libspace.o
        68          0          0          0          0         68   rt_memclr.o
        78          0          0          0          0         80   rt_memclr_w.o
         2          0          0          0          0          0   rtexit.o
        10          0          0          0          0          0   rtexit2.o
        12          4          0          0          0         68   sys_exit.o
        74          0          0          0          0         80   sys_stackheap_outer.o
         2          0          0          0          0         68   use_no_semi.o

    ----------------------------------------------------------------------
       424         16          0          0         96        732   Library Totals
         6          0          0          0          0          0   (incl. Padding)

    ----------------------------------------------------------------------

      Code (inc. data)   RO Data    RW Data    ZI Data      Debug   Library Name

       418         16          0          0         96        732   c_w.l

    ----------------------------------------------------------------------
       424         16          0          0         96        732   Library Totals

    ----------------------------------------------------------------------

==============================================================================


      Code (inc. data)   RO Data    RW Data    ZI Data      Debug   

      7260        134        560         12       6300      99859   Grand Totals
      7260        134        560         12       6300      99859   ELF Image Totals
      7260        134        560         12          0          0   ROM Totals

==============================================================================

    Total RO  Size (Code + RO Data)                 7820 (   7.64kB)
    Total RW  Size (RW Data + ZI Data)              6312 (   6.16kB)
    Total ROM Size (Code + RO Data + RW Data)       7832 (   7.65kB)

==============================================================================

